Component: ARM Compiler 5.05 update 1 (build 106) Tool: armlink [4d0efa]

==============================================================================

Section Cross References

    main.o(i.App_TaskStart) refers to os_cpu_c.o(i.OS_CPU_SysTickInit) for OS_CPU_SysTickInit
    main.o(i.App_TaskStart) refers to main.o(i.RCC_Configuration) for RCC_Configuration
    main.o(i.App_TaskStart) refers to main.o(i.NVIC_Configuration) for NVIC_Configuration
    main.o(i.App_TaskStart) refers to stm32f10x_rcc.o(i.RCC_APB2PeriphClockCmd) for RCC_APB2PeriphClockCmd
    main.o(i.App_TaskStart) refers to stm32f10x_gpio.o(i.GPIO_Init) for GPIO_Init
    main.o(i.App_TaskStart) refers to uart1pcport.o(i.USART1_Configuration) for USART1_Configuration
    main.o(i.App_TaskStart) refers to gpstask.o(i.App_GPS_TaskCreate) for App_GPS_TaskCreate
    main.o(i.App_TaskStart) refers to printfa.o(i.__0printf) for __2printf
    main.o(i.App_TaskStart) refers to os_time.o(i.OSTimeDlyHMSM) for OSTimeDlyHMSM
    main.o(i.BuildMQ) refers to os_q.o(i.OSQCreate) for OSQCreate
    main.o(i.BuildMQ) refers to main.o(.bss) for .bss
    main.o(i.BuildMQ) refers to main.o(.data) for .data
    main.o(i.NVIC_Configuration) refers to misc.o(i.NVIC_SetVectorTable) for NVIC_SetVectorTable
    main.o(i.NVIC_Configuration) refers to misc.o(i.NVIC_PriorityGroupConfig) for NVIC_PriorityGroupConfig
    main.o(i.NVIC_Configuration) refers to misc.o(i.NVIC_Init) for NVIC_Init
    main.o(i.RCC_Configuration) refers to stm32f10x_rcc.o(i.RCC_DeInit) for RCC_DeInit
    main.o(i.RCC_Configuration) refers to stm32f10x_rcc.o(i.RCC_HSEConfig) for RCC_HSEConfig
    main.o(i.RCC_Configuration) refers to stm32f10x_rcc.o(i.RCC_WaitForHSEStartUp) for RCC_WaitForHSEStartUp
    main.o(i.RCC_Configuration) refers to stm32f10x_rcc.o(i.RCC_HCLKConfig) for RCC_HCLKConfig
    main.o(i.RCC_Configuration) refers to stm32f10x_rcc.o(i.RCC_PCLK2Config) for RCC_PCLK2Config
    main.o(i.RCC_Configuration) refers to stm32f10x_rcc.o(i.RCC_PCLK1Config) for RCC_PCLK1Config
    main.o(i.RCC_Configuration) refers to stm32f10x_rcc.o(i.RCC_PLLConfig) for RCC_PLLConfig
    main.o(i.RCC_Configuration) refers to stm32f10x_rcc.o(i.RCC_PLLCmd) for RCC_PLLCmd
    main.o(i.RCC_Configuration) refers to stm32f10x_rcc.o(i.RCC_GetFlagStatus) for RCC_GetFlagStatus
    main.o(i.RCC_Configuration) refers to stm32f10x_rcc.o(i.RCC_SYSCLKConfig) for RCC_SYSCLKConfig
    main.o(i.RCC_Configuration) refers to stm32f10x_rcc.o(i.RCC_GetSYSCLKSource) for RCC_GetSYSCLKSource
    main.o(i.main) refers to cpu_a.o(.text) for CPU_IntDis
    main.o(i.main) refers to os_core.o(i.OSInit) for OSInit
    main.o(i.main) refers to main.o(i.BuildMQ) for BuildMQ
    main.o(i.main) refers to os_task.o(i.OSTaskCreateExt) for OSTaskCreateExt
    main.o(i.main) refers to os_core.o(i.OSStart) for OSStart
    main.o(i.main) refers to main.o(.bss) for .bss
    main.o(i.main) refers to main.o(i.App_TaskStart) for App_TaskStart
    stm32f10x_it.o(i.HardFault_Handler) refers to printfa.o(i.__0printf) for __2printf
    stm32f10x_it.o(i.SysTick_Handler) refers to os_cpu_a.o(.text) for OS_CPU_SR_Save
    stm32f10x_it.o(i.SysTick_Handler) refers to os_core.o(i.OSTimeTick) for OSTimeTick
    stm32f10x_it.o(i.SysTick_Handler) refers to os_core.o(i.OSIntExit) for OSIntExit
    stm32f10x_it.o(i.SysTick_Handler) refers to os_core.o(.data) for OSIntNesting
    gpstask.o(i.App_GPS_TaskCreate) refers to os_task.o(i.OSTaskCreate) for OSTaskCreate
    gpstask.o(i.App_GPS_TaskCreate) refers to gpstask.o(.bss) for .bss
    gpstask.o(i.App_GPS_TaskCreate) refers to gpstask.o(i.GpsTask) for GpsTask
    gpstask.o(i.GPGSA_CallBack) refers to gpstask.o(.data) for .data
    gpstask.o(i.GPGSV_CallBack) refers to gpstask.o(i.isExist) for isExist
    gpstask.o(i.GPGSV_CallBack) refers to gpstask.o(.data) for .data
    gpstask.o(i.GPGSV_CallBack) refers to gpstask.o(.bss) for .bss
    gpstask.o(i.GPRMC_CallBack) refers to gpstask.o(.data) for .data
    gpstask.o(i.GpsTask) refers to printfa.o(i.__0printf) for __2printf
    gpstask.o(i.GpsTask) refers to gpstask.o(i.initNmeaParserCallBack) for initNmeaParserCallBack
    gpstask.o(i.GpsTask) refers to gpstask.o(i.Timer1S_Init) for Timer1S_Init
    gpstask.o(i.GpsTask) refers to uart2gpsport.o(i.USART2_Configuration) for USART2_Configuration
    gpstask.o(i.GpsTask) refers to os_q.o(i.OSQPend) for OSQPend
    gpstask.o(i.GpsTask) refers to gpstask.o(i.parseGpsData) for parseGpsData
    gpstask.o(i.GpsTask) refers to main.o(.data) for g_MesgQ
    gpstask.o(i.GpsTask) refers to gpstask.o(.data) for .data
    gpstask.o(i.LedCtrl) refers to stm32f10x_gpio.o(i.GPIO_ResetBits) for GPIO_ResetBits
    gpstask.o(i.LedCtrl) refers to stm32f10x_gpio.o(i.GPIO_SetBits) for GPIO_SetBits
    gpstask.o(i.Timer1S_CallBack) refers to printfa.o(i.__0printf) for __2printf
    gpstask.o(i.Timer1S_CallBack) refers to gpstask.o(i.LedCtrl) for LedCtrl
    gpstask.o(i.Timer1S_CallBack) refers to gpstask.o(.data) for .data
[...]
    ../clib/microlib/printf/printf.c         0x00000000   Number         0  printf8.o ABSOLUTE
    ../clib/microlib/printf/printf.c         0x00000000   Number         0  printf7.o ABSOLUTE
    ../clib/microlib/printf/printf.c         0x00000000   Number         0  printf6.o ABSOLUTE
    ../clib/microlib/printf/printf.c         0x00000000   Number         0  printf5.o ABSOLUTE
    ../clib/microlib/printf/printf.c         0x00000000   Number         0  printf4.o ABSOLUTE
    ../clib/microlib/printf/printf.c         0x00000000   Number         0  printf3.o ABSOLUTE
    ../clib/microlib/printf/stubs.s          0x00000000   Number         0  stubs.o ABSOLUTE
    ../clib/microlib/string/memchr.c         0x00000000   Number         0  memchr.o ABSOLUTE
    ../clib/microlib/string/memcmp.c         0x00000000   Number         0  memcmp.o ABSOLUTE
    ../clib/microlib/string/memcpy.c         0x00000000   Number         0  memcpyb.o ABSOLUTE
    ../clib/microlib/string/memcpy.c         0x00000000   Number         0  memcpya.o ABSOLUTE
    ../clib/microlib/string/memset.c         0x00000000   Number         0  memseta.o ABSOLUTE
    ../clib/microlib/string/strlen.c         0x00000000   Number         0  strlen.o ABSOLUTE
    ../clib/microlib/stubs.s                 0x00000000   Number         0  iusefp.o ABSOLUTE
    ../clib/microlib/stubs.s                 0x00000000   Number         0  useno.o ABSOLUTE
    ../clib/scanf.c                          0x00000000   Number         0  strtod.o ABSOLUTE
    ../clib/scanf.c                          0x00000000   Number         0  strtol.o ABSOLUTE
    ../clib/scanf.c                          0x00000000   Number         0  _sgetc.o ABSOLUTE
    ../clib/scanf.c                          0x00000000   Number         0  _chval.o ABSOLUTE
    ../clib/scanf.c                          0x00000000   Number         0  scanf_fp.o ABSOLUTE
    ../clib/scanf.c                          0x00000000   Number         0  _strtoul.o ABSOLUTE
    ../fplib/microlib/d2f.c                  0x00000000   Number         0  d2f.o ABSOLUTE
    ../fplib/microlib/fpadd.c                0x00000000   Number         0  dadd.o ABSOLUTE
    ../fplib/microlib/fpdiv.c                0x00000000   Number         0  ddiv.o ABSOLUTE
    ../fplib/microlib/fpepilogue.c           0x00000000   Number         0  fepilogue.o ABSOLUTE
    ../fplib/microlib/fpepilogue.c           0x00000000   Number         0  depilogue.o ABSOLUTE
    ../fplib/microlib/fpfix.c                0x00000000   Number         0  dfixi.o ABSOLUTE
    ../fplib/microlib/fpfix.c                0x00000000   Number         0  dfixul.o ABSOLUTE
    ../fplib/microlib/fpflt.c                0x00000000   Number         0  dfltul.o ABSOLUTE
    ../fplib/microlib/fpflt.c                0x00000000   Number         0  dfltui.o ABSOLUTE
    ../fplib/microlib/fpflt.c                0x00000000   Number         0  dflti.o ABSOLUTE
    ../fplib/microlib/fpmul.c                0x00000000   Number         0  dmul.o ABSOLUTE
    ../fplib/microlib/fpscalb.c              0x00000000   Number         0  dscalb.o ABSOLUTE
    ../fplib/microlib/fpsqrt.c               0x00000000   Number         0  dsqrt.o ABSOLUTE
    ../mathlib/acos.c                        0x00000000   Number         0  acos_x.o ABSOLUTE
    ../mathlib/acos.c                        0x00000000   Number         0  acos.o ABSOLUTE
    ../mathlib/asin.c                        0x00000000   Number         0  asin_x.o ABSOLUTE
    ../mathlib/asin.c                        0x00000000   Number         0  asin.o ABSOLUTE
    ../mathlib/ceil.c                        0x00000000   Number         0  ceil.o ABSOLUTE
    ../mathlib/cos.c                         0x00000000   Number         0  cos.o ABSOLUTE
    ../mathlib/cos.c                         0x00000000   Number         0  cos_x.o ABSOLUTE
    ../mathlib/cos_i.c                       0x00000000   Number         0  cos_i.o ABSOLUTE
    ../mathlib/dunder.c                      0x00000000   Number         0  dunder.o ABSOLUTE
    ../mathlib/fpclassify.c                  0x00000000   Number         0  fpclassify.o ABSOLUTE
    ../mathlib/poly.c                        0x00000000   Number         0  poly.o ABSOLUTE
    ../mathlib/pow.c                         0x00000000   Number         0  pow.o ABSOLUTE
    ../mathlib/pow.c                         0x00000000   Number         0  pow_x.o ABSOLUTE
    ../mathlib/qnan.c                        0x00000000   Number         0  qnan.o ABSOLUTE
    ../mathlib/rred.c                        0x00000000   Number         0  rred.o ABSOLUTE
    ../mathlib/sin.c                         0x00000000   Number         0  sin_x.o ABSOLUTE
    ../mathlib/sin.c                         0x00000000   Number         0  sin.o ABSOLUTE
    ../mathlib/sin_i.c                       0x00000000   Number         0  sin_i.o ABSOLUTE
    ../mathlib/sin_i.c                       0x00000000   Number         0  sin_i_x.o ABSOLUTE
    ../mathlib/sqrt.c                        0x00000000   Number         0  sqrt_x.o ABSOLUTE
    ../mathlib/sqrt.c                        0x00000000   Number         0  sqrt.o ABSOLUTE
    ../mathlib/strtod.c                      0x00000000   Number         0  strtod.o ABSOLUTE
    ..\Libraries\CMSIS\CM3\CoreSupport\core_cm3.c 0x00000000   Number         0  core_cm3.o ABSOLUTE
    ..\Libraries\CMSIS\CM3\DeviceSupport\ST\STM32F10x\startup\arm\startup_stm32f10x_md.s 0x00000000   Number         0  startup_stm32f10x_md.o ABSOLUTE
    ..\Libraries\STM32F10x_StdPeriph_Driver\src\misc.c 0x00000000   Number         0  misc.o ABSOLUTE
    ..\Libraries\STM32F10x_StdPeriph_Driver\src\stm32f10x_adc.c 0x00000000   Number         0  stm32f10x_adc.o ABSOLUTE
    ..\Libraries\STM32F10x_StdPeriph_Driver\src\stm32f10x_bkp.c 0x00000000   Number         0  stm32f10x_bkp.o ABSOLUTE
    ..\Libraries\STM32F10x_StdPeriph_Driver\src\stm32f10x_cec.c 0x00000000   Number         0  stm32f10x_cec.o ABSOLUTE
    ..\Libraries\STM32F10x_StdPeriph_Driver\src\stm32f10x_crc.c 0x00000000   Number         0  stm32f10x_crc.o ABSOLUTE
    ..\Libraries\STM32F10x_StdPeriph_Driver\src\stm32f10x_dac.c 0x00000000   Number         0  stm32f10x_dac.o ABSOLUTE
    ..\Libraries\STM32F10x_StdPeriph_Driver\src\stm32f10x_dbgmcu.c 0x00000000   Number         0  stm32f10x_dbgmcu.o ABSOLUTE
    ..\Libraries\STM32F10x_StdPeriph_Driver\src\stm32f10x_dma.c 0x00000000   Number         0  stm32f10x_dma.o ABSOLUTE
    ..\Libraries\STM32F10x_StdPeriph_Driver\src\stm32f10x_exti.c 0x00000000   Number         0  stm32f10x_exti.o ABSOLUTE
    ..\Libraries\STM32F10x_StdPeriph_Driver\src\stm32f10x_flash.c 0x00000000   Number         0  stm32f10x_flash.o ABSOLUTE
    ..\Libraries\STM32F10x_StdPeriph_Driver\src\stm32f10x_fsmc.c 0x00000000   Number         0  stm32f10x_fsmc.o ABSOLUTE
    ..\Libraries\STM32F10x_StdPeriph_Driver\src\stm32f10x_gpio.c 0x00000000   Number         0  stm32f10x_gpio.o ABSOLUTE
    ..\Libraries\STM32F10x_StdPeriph_Driver\src\stm32f10x_iwdg.c 0x00000000   Number         0  stm32f10x_iwdg.o ABSOLUTE
    ..\Libraries\STM32F10x_StdPeriph_Driver\src\stm32f10x_pwr.c 0x00000000   Number         0  stm32f10x_pwr.o ABSOLUTE
    ..\Libraries\STM32F10x_StdPeriph_Driver\src\stm32f10x_rcc.c 0x00000000   Number         0  stm32f10x_rcc.o ABSOLUTE
    ..\Libraries\STM32F10x_StdPeriph_Driver\src\stm32f10x_rtc.c 0x00000000   Number         0  stm32f10x_rtc.o ABSOLUTE
    ..\Libraries\STM32F10x_StdPeriph_Driver\src\stm32f10x_tim.c 0x00000000   Number         0  stm32f10x_tim.o ABSOLUTE
    ..\Libraries\STM32F10x_StdPeriph_Driver\src\stm32f10x_usart.c 0x00000000   Number         0  stm32f10x_usart.o ABSOLUTE
    ..\Libraries\STM32F10x_StdPeriph_Driver\src\stm32f10x_wwdg.c 0x00000000   Number         0  stm32f10x_wwdg.o ABSOLUTE
    ..\USER\gmath.c                          0x00000000   Number         0  gmath.o ABSOLUTE
    ..\USER\gpsTask.c                        0x00000000   Number         0  gpstask.o ABSOLUTE
    ..\USER\main.c                           0x00000000   Number         0  main.o ABSOLUTE
    ..\USER\nmeaGenerate.c                   0x00000000   Number         0  nmeagenerate.o ABSOLUTE
    ..\USER\nmeaParse.c                      0x00000000   Number         0  nmeaparse.o ABSOLUTE
    ..\USER\rtc.c                            0x00000000   Number         0  rtc.o ABSOLUTE
    ..\USER\stm32f10x_it.c                   0x00000000   Number         0  stm32f10x_it.o ABSOLUTE
    ..\USER\system_stm32f10x.c               0x00000000   Number         0  system_stm32f10x.o ABSOLUTE
    ..\USER\tok.c                            0x00000000   Number         0  tok.o ABSOLUTE
    ..\USER\uC-CPU\ARM-Cortex-M3\RealView\cpu_a.asm 0x00000000   Number         0  cpu_a.o ABSOLUTE
    ..\USER\uC-CPU\ARM-Cortex-M3\RealView\cpu_c.c 0x00000000   Number         0  cpu_c.o ABSOLUTE
    ..\USER\uC-LIB\Ports\RealView\lib_mem_a.asm 0x00000000   Number         0  lib_mem_a.o ABSOLUTE
    ..\USER\uC-LIB\lib_mem.c                 0x00000000   Number         0  lib_mem.o ABSOLUTE
    ..\USER\uC-LIB\lib_str.c                 0x00000000   Number         0  lib_str.o ABSOLUTE
    ..\USER\uCOS-II\Ports\ARM-Cortex-M3\RealView\os_cpu_a.asm 0x00000000   Number         0  os_cpu_a.o ABSOLUTE
    ..\USER\uCOS-II\Ports\ARM-Cortex-M3\RealView\os_cpu_c.c 0x00000000   Number         0  os_cpu_c.o ABSOLUTE
    ..\USER\uCOS-II\Ports\ARM-Cortex-M3\RealView\os_dbg.c 0x00000000   Number         0  os_dbg.o ABSOLUTE
    ..\USER\uCOS-II\Source\os_core.c         0x00000000   Number         0  os_core.o ABSOLUTE
    ..\USER\uCOS-II\Source\os_flag.c         0x00000000   Number         0  os_flag.o ABSOLUTE
    ..\USER\uCOS-II\Source\os_mbox.c         0x00000000   Number         0  os_mbox.o ABSOLUTE
    ..\USER\uCOS-II\Source\os_mem.c          0x00000000   Number         0  os_mem.o ABSOLUTE
    ..\USER\uCOS-II\Source\os_mutex.c        0x00000000   Number         0  os_mutex.o ABSOLUTE
    ..\USER\uCOS-II\Source\os_q.c            0x00000000   Number         0  os_q.o ABSOLUTE
    ..\USER\uCOS-II\Source\os_sem.c          0x00000000   Number         0  os_sem.o ABSOLUTE
    ..\USER\uCOS-II\Source\os_task.c         0x00000000   Number         0  os_task.o ABSOLUTE
    ..\USER\uCOS-II\Source\os_time.c         0x00000000   Number         0  os_time.o ABSOLUTE
    ..\USER\uCOS-II\Source\os_tmr.c          0x00000000   Number         0  os_tmr.o ABSOLUTE
    ..\USER\uart1PcPort.c                    0x00000000   Number         0  uart1pcport.o ABSOLUTE
    ..\USER\uart2GpsPort.c                   0x00000000   Number         0  uart2gpsport.o ABSOLUTE
    ..\USER\ucCos_App\OS_AppHooks.c          0x00000000   Number         0  os_apphooks.o ABSOLUTE
    ..\\Libraries\\CMSIS\\CM3\\CoreSupport\\core_cm3.c 0x00000000   Number         0  core_cm3.o ABSOLUTE
    cdcmple.s                                0x00000000   Number         0  cdcmple.o ABSOLUTE
    cdrcmple.s                               0x00000000   Number         0  cdrcmple.o ABSOLUTE
    dc.s                                     0x00000000   Number         0  dc.o ABSOLUTE
    handlers.s                               0x00000000   Number         0  handlers.o ABSOLUTE
    init.s                                   0x00000000   Number         0  init.o ABSOLUTE
    RESET                                    0x08000000   Section      236  startup_stm32f10x_md.o(RESET)
    .ARM.Collect$$$$00000000                 0x080000ec   Section        0  entry.o(.ARM.Collect$$$$00000000)
    .ARM.Collect$$$$00000001                 0x080000ec   Section        4  entry2.o(.ARM.Collect$$$$00000001)
    .ARM.Collect$$$$00000004                 0x080000f0   Section        4  entry5.o(.ARM.Collect$$$$00000004)
    .ARM.Collect$$$$00000008                 0x080000f4   Section        0  entry7b.o(.ARM.Collect$$$$00000008)
    .ARM.Collect$$$$0000000A                 0x080000f4   Section        0  entry8b.o(.ARM.Collect$$$$0000000A)
    .ARM.Collect$$$$0000000B                 0x080000f4   Section        8  entry9a.o(.ARM.Collect$$$$0000000B)
    .ARM.Collect$$$$0000000D                 0x080000fc   Section        0  entry10a.o(.ARM.Collect$$$$0000000D)
    .ARM.Collect$$$$0000000F                 0x080000fc   Section        0  entry11a.o(.ARM.Collect$$$$0000000F)
    .ARM.Collect$$$$00002712                 0x080000fc   Section        4  entry2.o(.ARM.Collect$$$$00002712)
    __lit__00000000                          0x080000fc   Data           4  entry2.o(.ARM.Collect$$$$00002712)
    .text                                    0x08000100   Section       36  startup_stm32f10x_md.o(.text)
    .text                                    0x08000124   Section      164  os_cpu_a.o(.text)
    .text                                    0x080001c8   Section       42  cpu_a.o(.text)
    .text                                    0x080001f2   Section        0  memcpya.o(.text)
    .text                                    0x08000216   Section        0  dadd.o(.text)
    .text                                    0x08000364   Section        0  dmul.o(.text)
    .text                                    0x08000448   Section        0  ddiv.o(.text)
    .text                                    0x08000528   Section       48  cdrcmple.o(.text)
    .text                                    0x08000558   Section        0  uidiv.o(.text)
    .text                                    0x08000584   Section        0  uldiv.o(.text)
    .text                                    0x080005e6   Section        0  llshl.o(.text)
    .text                                    0x08000604   Section        0  llushr.o(.text)
    .text                                    0x08000624   Section        0  llsshr.o(.text)
    .text                                    0x08000648   Section        0  depilogue.o(.text)
    .text                                    0x08000648   Section        0  iusefp.o(.text)
    .text                                    0x08000702   Section        0  dfixul.o(.text)
    .text                                    0x08000734   Section       36  init.o(.text)
    i.App_GPS_TaskCreate                     0x08000758   Section        0  gpstask.o(i.App_GPS_TaskCreate)
    i.App_TCBInitHook                        0x0800076c   Section        0  os_apphooks.o(i.App_TCBInitHook)
    i.App_TaskCreateHook                     0x0800076e   Section        0  os_apphooks.o(i.App_TaskCreateHook)
    i.App_TaskIdleHook                       0x08000770   Section        0  os_apphooks.o(i.App_TaskIdleHook)
    i.App_TaskStart                          0x08000774   Section        0  main.o(i.App_TaskStart)
    App_TaskStart                            0x08000775   Thumb Code    78  main.o(i.App_TaskStart)
    i.App_TaskSwHook                         0x080007e8   Section        0  os_apphooks.o(i.App_TaskSwHook)
    i.App_TimeTickHook                       0x080007ea   Section        0  os_apphooks.o(i.App_TimeTickHook)
    i.BuildMQ                                0x080007ec   Section        0  main.o(i.BuildMQ)
    i.BusFault_Handler                       0x08000804   Section        0  stm32f10x_it.o(i.BusFault_Handler)
    i.DebugMon_Handler                       0x08000806   Section        0  stm32f10x_it.o(i.DebugMon_Handler)
    i.EXTI_ClearITPendingBit                 0x08000808   Section        0  stm32f10x_exti.o(i.EXTI_ClearITPendingBit)
    i.GPGGA_CallBack                         0x08000814   Section        0  gpstask.o(i.GPGGA_CallBack)
    i.GPGSA_CallBack                         0x08000818   Section        0  gpstask.o(i.GPGSA_CallBack)
    i.GPGSV_CallBack                         0x08000828   Section        0  gpstask.o(i.GPGSV_CallBack)
    i.GPIO_Init                              0x08000878   Section        0  stm32f10x_gpio.o(i.GPIO_Init)
    i.GPIO_ResetBits                         0x08000914   Section        0  stm32f10x_gpio.o(i.GPIO_ResetBits)
    i.GPIO_SetBits                           0x08000918   Section        0  stm32f10x_gpio.o(i.GPIO_SetBits)
    i.GPRMC_CallBack                         0x0800091c   Section        0  gpstask.o(i.GPRMC_CallBack)
    i.GPS_Parser                             0x0800092c   Section        0  nmeaparse.o(i.GPS_Parser)
    i.GpsTask                                0x08000a4c   Section        0  gpstask.o(i.GpsTask)
    GpsTask                                  0x08000a4d   Thumb Code    92  gpstask.o(i.GpsTask)
    i.HardFault_Handler                      0x08000af4   Section        0  stm32f10x_it.o(i.HardFault_Handler)
    i.Is_Leap_Year                           0x08000b10   Section        0  rtc.o(i.Is_Leap_Year)
    i.LedCtrl                                0x08000b38   Section        0  gpstask.o(i.LedCtrl)
    i.MemManage_Handler                      0x08000b54   Section        0  stm32f10x_it.o(i.MemManage_Handler)
    i.NMI_Handler                            0x08000b56   Section        0  stm32f10x_it.o(i.NMI_Handler)
    i.NVIC_Configuration                     0x08000b58   Section        0  main.o(i.NVIC_Configuration)
    i.NVIC_Init                              0x08000b9c   Section        0  misc.o(i.NVIC_Init)
    i.NVIC_PriorityGroupConfig               0x08000c00   Section        0  misc.o(i.NVIC_PriorityGroupConfig)
    i.NVIC_SetVectorTable                    0x08000c14   Section        0  misc.o(i.NVIC_SetVectorTable)
    i.OSDebugInit                            0x08000c28   Section        0  os_dbg.o(i.OSDebugInit)
    i.OSEventNameSet                         0x08000c2c   Section        0  os_core.o(i.OSEventNameSet)
    i.OSInit                                 0x08000c78   Section        0  os_core.o(i.OSInit)
    i.OSInitHookBegin                        0x08000d00   Section        0  os_cpu_c.o(i.OSInitHookBegin)
    i.OSInitHookEnd                          0x08000d0c   Section        0  os_cpu_c.o(i.OSInitHookEnd)
    i.OSIntExit                              0x08000d10   Section        0  os_core.o(i.OSIntExit)
    i.OSQCreate                              0x08000d6c   Section        0  os_q.o(i.OSQCreate)
    i.OSQPend                                0x08000df0   Section        0  os_q.o(i.OSQPend)
    i.OSQPost                                0x08000ed4   Section        0  os_q.o(i.OSQPost)
    i.OSSchedLock                            0x08000f44   Section        0  os_core.o(i.OSSchedLock)
    i.OSSchedUnlock                          0x08000f70   Section        0  os_core.o(i.OSSchedUnlock)
    i.OSSemCreate                            0x08000fac   Section        0  os_sem.o(i.OSSemCreate)
    i.OSSemPend                              0x08000ff4   Section        0  os_sem.o(i.OSSemPend)
    i.OSSemPost                              0x080010b8   Section        0  os_sem.o(i.OSSemPost)
    i.OSStart                                0x08001110   Section        0  os_core.o(i.OSStart)
    i.OSTCBInitHook                          0x08001140   Section        0  os_cpu_c.o(i.OSTCBInitHook)
    i.OSTaskCreate                           0x08001144   Section        0  os_task.o(i.OSTaskCreate)
    i.OSTaskCreateExt                        0x080011d4   Section        0  os_task.o(i.OSTaskCreateExt)
    i.OSTaskCreateHook                       0x08001278   Section        0  os_cpu_c.o(i.OSTaskCreateHook)
    i.OSTaskIdleHook                         0x0800127c   Section        0  os_cpu_c.o(i.OSTaskIdleHook)
    i.OSTaskStkInit                          0x08001280   Section        0  os_cpu_c.o(i.OSTaskStkInit)
    i.OSTaskSwHook                           0x080012f2   Section        0  os_cpu_c.o(i.OSTaskSwHook)
    i.OSTimeDly                              0x080012f8   Section        0  os_time.o(i.OSTimeDly)
    i.OSTimeDlyHMSM                          0x08001360   Section        0  os_time.o(i.OSTimeDlyHMSM)
    i.OSTimeTick                             0x080013d4   Section        0  os_core.o(i.OSTimeTick)
    i.OSTimeTickHook                         0x08001474   Section        0  os_cpu_c.o(i.OSTimeTickHook)
    i.OSTmrCreate                            0x0800149c   Section        0  os_tmr.o(i.OSTmrCreate)
    i.OSTmrSignal                            0x08001540   Section        0  os_tmr.o(i.OSTmrSignal)
    i.OSTmrStart                             0x0800154c   Section        0  os_tmr.o(i.OSTmrStart)
    i.OSTmr_Init                             0x080015b8   Section        0  os_tmr.o(i.OSTmr_Init)
    i.OSTmr_Link                             0x080016c4   Section        0  os_tmr.o(i.OSTmr_Link)
    OSTmr_Link                               0x080016c5   Thumb Code    66  os_tmr.o(i.OSTmr_Link)
    i.OSTmr_Task                             0x08001710   Section        0  os_tmr.o(i.OSTmr_Task)
    OSTmr_Task                               0x08001711   Thumb Code   106  os_tmr.o(i.OSTmr_Task)
    i.OSTmr_Unlink                           0x08001788   Section        0  os_tmr.o(i.OSTmr_Unlink)
    OSTmr_Unlink                             0x08001789   Thumb Code    58  os_tmr.o(i.OSTmr_Unlink)
    i.OS_CPU_SysTickInit                     0x080017c8   Section        0  os_cpu_c.o(i.OS_CPU_SysTickInit)
    i.OS_EventTaskRdy                        0x08001800   Section        0  os_core.o(i.OS_EventTaskRdy)
    i.OS_EventTaskRemove                     0x08001874   Section        0  os_core.o(i.OS_EventTaskRemove)
    i.OS_EventTaskRemoveMulti                0x08001894   Section        0  os_core.o(i.OS_EventTaskRemoveMulti)
    i.OS_EventTaskWait                       0x080018bc   Section        0  os_core.o(i.OS_EventTaskWait)
    i.OS_EventWaitListInit                   0x08001904   Section        0  os_core.o(i.OS_EventWaitListInit)
    i.OS_FlagInit                            0x08001918   Section        0  os_flag.o(i.OS_FlagInit)
    i.OS_InitEventList                       0x08001960   Section        0  os_core.o(i.OS_InitEventList)
    OS_InitEventList                         0x08001961   Thumb Code    76  os_core.o(i.OS_InitEventList)
    i.OS_InitTCBList                         0x080019b8   Section        0  os_core.o(i.OS_InitTCBList)
    OS_InitTCBList                           0x080019b9   Thumb Code    88  os_core.o(i.OS_InitTCBList)
    i.OS_MemClr                              0x08001a1c   Section        0  os_core.o(i.OS_MemClr)
    i.OS_MemInit                             0x08001a30   Section        0  os_mem.o(i.OS_MemInit)
    i.OS_QInit                               0x08001a7c   Section        0  os_q.o(i.OS_QInit)
    i.OS_Sched                               0x08001ac0   Section        0  os_core.o(i.OS_Sched)
    i.OS_SchedNew                            0x08001b08   Section        0  os_core.o(i.OS_SchedNew)
    OS_SchedNew                              0x08001b09   Thumb Code    24  os_core.o(i.OS_SchedNew)
    i.OS_TCBInit                             0x08001b28   Section        0  os_core.o(i.OS_TCBInit)
    i.OS_TaskIdle                            0x08001c0c   Section        0  os_core.o(i.OS_TaskIdle)
    i.OS_TaskStkClr                          0x08001c28   Section        0  os_task.o(i.OS_TaskStkClr)
    i.ParserGPGGA                            0x08001c40   Section        0  nmeaparse.o(i.ParserGPGGA)
    ParserGPGGA                              0x08001c41   Thumb Code   100  nmeaparse.o(i.ParserGPGGA)
    i.ParserGPGSA                            0x08001cac   Section        0  nmeaparse.o(i.ParserGPGSA)
    ParserGPGSA                              0x08001cad   Thumb Code   166  nmeaparse.o(i.ParserGPGSA)
    i.ParserGPGSV                            0x08001d5c   Section        0  nmeaparse.o(i.ParserGPGSV)
    ParserGPGSV                              0x08001d5d   Thumb Code   380  nmeaparse.o(i.ParserGPGSV)
    i.ParserGPRMC                            0x08001ee0   Section        0  nmeaparse.o(i.ParserGPRMC)
    ParserGPRMC                              0x08001ee1   Thumb Code   608  nmeaparse.o(i.ParserGPRMC)
    i.RCC_APB1PeriphClockCmd                 0x08002150   Section        0  stm32f10x_rcc.o(i.RCC_APB1PeriphClockCmd)
    i.RCC_APB2PeriphClockCmd                 0x08002168   Section        0  stm32f10x_rcc.o(i.RCC_APB2PeriphClockCmd)
    i.RCC_Configuration                      0x08002180   Section        0  main.o(i.RCC_Configuration)
    i.RCC_DeInit                             0x080021d4   Section        0  stm32f10x_rcc.o(i.RCC_DeInit)
    i.RCC_GetClocksFreq                      0x08002214   Section        0  stm32f10x_rcc.o(i.RCC_GetClocksFreq)
    i.RCC_GetFlagStatus                      0x080022a8   Section        0  stm32f10x_rcc.o(i.RCC_GetFlagStatus)
    i.RCC_GetSYSCLKSource                    0x080022d8   Section        0  stm32f10x_rcc.o(i.RCC_GetSYSCLKSource)
    i.RCC_HCLKConfig                         0x080022e8   Section        0  stm32f10x_rcc.o(i.RCC_HCLKConfig)
    i.RCC_HSEConfig                          0x080022fc   Section        0  stm32f10x_rcc.o(i.RCC_HSEConfig)
    i.RCC_PCLK1Config                        0x08002330   Section        0  stm32f10x_rcc.o(i.RCC_PCLK1Config)
    i.RCC_PCLK2Config                        0x08002344   Section        0  stm32f10x_rcc.o(i.RCC_PCLK2Config)
    i.RCC_PLLCmd                             0x08002358   Section        0  stm32f10x_rcc.o(i.RCC_PLLCmd)
    i.RCC_PLLConfig                          0x08002364   Section        0  stm32f10x_rcc.o(i.RCC_PLLConfig)
    i.RCC_SYSCLKConfig                       0x08002378   Section        0  stm32f10x_rcc.o(i.RCC_SYSCLKConfig)
    i.RCC_WaitForHSEStartUp                  0x0800238c   Section        0  stm32f10x_rcc.o(i.RCC_WaitForHSEStartUp)
    i.RTCAlarm_IRQHandler                    0x080023b8   Section        0  rtc.o(i.RTCAlarm_IRQHandler)
    i.RTC_ClearITPendingBit                  0x080023c0   Section        0  stm32f10x_rtc.o(i.RTC_ClearITPendingBit)
    i.RTC_Get                                0x080023d0   Section        0  rtc.o(i.RTC_Get)
    i.RTC_GetITStatus                        0x080024ac   Section        0  stm32f10x_rtc.o(i.RTC_GetITStatus)
    i.RTC_IRQHandler                         0x080024cc   Section        0  rtc.o(i.RTC_IRQHandler)
    i.RTC_WaitForLastTask                    0x08002548   Section        0  stm32f10x_rtc.o(i.RTC_WaitForLastTask)
    i.SVC_Handler                            0x08002558   Section        0  stm32f10x_it.o(i.SVC_Handler)
    i.SetSysClockTo72                        0x0800255c   Section        0  system_stm32f10x.o(i.SetSysClockTo72)
    SetSysClockTo72                          0x0800255d   Thumb Code   160  system_stm32f10x.o(i.SetSysClockTo72)
    i.SysTick_Handler                        0x08002604   Section        0  stm32f10x_it.o(i.SysTick_Handler)
    i.SystemInit                             0x08002628   Section        0  system_stm32f10x.o(i.SystemInit)
    i.Timer1S_CallBack                       0x08002678   Section        0  gpstask.o(i.Timer1S_CallBack)
    i.Timer1S_Init                           0x08002730   Section        0  gpstask.o(i.Timer1S_Init)
    i.USART1_Configuration                   0x080027c8   Section        0  uart1pcport.o(i.USART1_Configuration)
    i.USART1_IRQHandler                      0x08002868   Section        0  uart1pcport.o(i.USART1_IRQHandler)
    i.USART2_Configuration                   0x08002890   Section        0  uart2gpsport.o(i.USART2_Configuration)
    i.USART2_IRQHandler                      0x0800292c   Section        0  uart2gpsport.o(i.USART2_IRQHandler)
    i.USART_ClearFlag                        0x0800296c   Section        0  stm32f10x_usart.o(i.USART_ClearFlag)
    i.USART_Cmd                              0x08002972   Section        0  stm32f10x_usart.o(i.USART_Cmd)
    i.USART_GetFlagStatus                    0x08002986   Section        0  stm32f10x_usart.o(i.USART_GetFlagStatus)
    i.USART_GetITStatus                      0x08002994   Section        0  stm32f10x_usart.o(i.USART_GetITStatus)
    i.USART_ITConfig                         0x080029d2   Section        0  stm32f10x_usart.o(i.USART_ITConfig)
    i.USART_Init                             0x08002a04   Section        0  stm32f10x_usart.o(i.USART_Init)
    i.USART_ReceiveData                      0x08002ab0   Section        0  stm32f10x_usart.o(i.USART_ReceiveData)
    i.USART_SendData                         0x08002ab8   Section        0  stm32f10x_usart.o(i.USART_SendData)
    i.Uart1_PutChar                          0x08002ac0   Section        0  uart1pcport.o(i.Uart1_PutChar)
    i.Uart2_PutChar                          0x08002ae0   Section        0  uart2gpsport.o(i.Uart2_PutChar)
    i.UsageFault_Handler                     0x08002b00   Section        0  stm32f10x_it.o(i.UsageFault_Handler)
    i.__0printf                              0x08002b04   Section        0  printfa.o(i.__0printf)
    i.__scatterload_copy                     0x08002b24   Section       14  handlers.o(i.__scatterload_copy)
    i.__scatterload_null                     0x08002b32   Section        2  handlers.o(i.__scatterload_null)
    i.__scatterload_zeroinit                 0x08002b34   Section       14  handlers.o(i.__scatterload_zeroinit)
    i._fp_digits                             0x08002b44   Section        0  printfa.o(i._fp_digits)
    _fp_digits                               0x08002b45   Thumb Code   334  printfa.o(i._fp_digits)
    i._printf_core                           0x08002ca8   Section        0  printfa.o(i._printf_core)
    _printf_core                             0x08002ca9   Thumb Code  1744  printfa.o(i._printf_core)
    i._printf_post_padding                   0x08003384   Section        0  printfa.o(i._printf_post_padding)
    _printf_post_padding                     0x08003385   Thumb Code    36  printfa.o(i._printf_post_padding)
    i._printf_pre_padding                    0x080033a8   Section        0  printfa.o(i._printf_pre_padding)
    _printf_pre_padding                      0x080033a9   Thumb Code    46  printfa.o(i._printf_pre_padding)
    i.fputc                                  0x080033d6   Section        0  uart1pcport.o(i.fputc)
    i.initNmeaParserCallBack                 0x080033e8   Section        0  gpstask.o(i.initNmeaParserCallBack)
    i.initParserCallBack                     0x08003404   Section        0  nmeaparse.o(i.initParserCallBack)
    i.isExist                                0x08003414   Section        0  gpstask.o(i.isExist)
    i.main                                   0x08003440   Section        0  main.o(i.main)
    i.parseGpsData                           0x08003480   Section        0  gpstask.o(i.parseGpsData)
    i.receivOneFrameData                     0x08003498   Section        0  uart2gpsport.o(i.receivOneFrameData)
    .constdata                               0x080034f8   Section       12  rtc.o(.constdata)
    .constdata                               0x08003504   Section      256  os_core.o(.constdata)
    .conststring                             0x08003604   Section      110  nmeaparse.o(.conststring)
    .data                                    0x20000000   Section        4  main.o(.data)
    .data                                    0x20000004   Section       12  gpstask.o(.data)
    LedState                                 0x20000007   Data           1  gpstask.o(.data)
    .data                                    0x20000010   Section       72  nmeaparse.o(.data)
    NMEA_Start                               0x20000010   Data           1  nmeaparse.o(.data)
    NMEA_TypeParsed                          0x20000011   Data           1  nmeaparse.o(.data)
    NMEA_MsgType                             0x20000012   Data           1  nmeaparse.o(.data)
    NMEA_MsgTypeIndex                        0x20000013   Data           1  nmeaparse.o(.data)
    NMEA_MsgBlock                            0x20000014   Data           1  nmeaparse.o(.data)
    NMEA_MsgBlockDatIndex                    0x20000015   Data           1  nmeaparse.o(.data)
    GPS_Parse_Status                         0x20000016   Data           1  nmeaparse.o(.data)
    SateInfoIndex                            0x20000017   Data           1  nmeaparse.o(.data)
    NMEA_MsgTypeBuff                         0x20000018   Data           7  nmeaparse.o(.data)
    pheads                                   0x20000020   Data          56  nmeaparse.o(.data)
    .data                                    0x20000058   Section        2  rtc.o(.data)
    daycnt                                   0x20000058   Data           2  rtc.o(.data)
    .data                                    0x2000005c   Section        4  uart1pcport.o(.data)
    .data                                    0x20000060   Section        8  uart2gpsport.o(.data)
    dataIndix                                0x20000060   Data           4  uart2gpsport.o(.data)
    dataFlag                                 0x20000064   Data           4  uart2gpsport.o(.data)
    .data                                    0x20000068   Section       20  stm32f10x_rcc.o(.data)
    ADCPrescTable                            0x20000068   Data           4  stm32f10x_rcc.o(.data)
    APBAHBPrescTable                         0x2000006c   Data          16  stm32f10x_rcc.o(.data)
    .data                                    0x2000007c   Section       20  system_stm32f10x.o(.data)
    .data                                    0x20000090   Section        2  os_cpu_c.o(.data)
    OSTmrCtr                                 0x20000090   Data           2  os_cpu_c.o(.data)
    .data                                    0x20000094   Section       48  os_core.o(.data)
    .data                                    0x200000c4   Section        4  os_core.o(.data)
    .data                                    0x200000c8   Section        4  os_core.o(.data)
    .data                                    0x200000cc   Section        4  os_core.o(.data)
    .data                                    0x200000d0   Section        2  os_core.o(.data)
    .data                                    0x200000d2   Section        2  os_core.o(.data)
    .data                                    0x200000d4   Section        4  os_core.o(.data)
    .data                                    0x200000d8   Section        4  os_core.o(.data)
    .data                                    0x200000dc   Section        4  os_core.o(.data)
    .data                                    0x200000e0   Section        4  os_core.o(.data)
    .bss                                     0x200000e4   Section      336  main.o(.bss)
    App_TaskStartStk                         0x200000e4   Data         256  main.o(.bss)
    .bss                                     0x20000238   Section     2066  gpstask.o(.bss)
    TASK_GPS_STACK                           0x20000238   Data        2048  gpstask.o(.bss)
    .bss                                     0x20000a4a   Section      515  gpstask.o(.bss)
    .bss                                     0x20000c50   Section      168  nmeaparse.o(.bss)
    GPS_RMC_Data                             0x20000c50   Data          36  nmeaparse.o(.bss)
    GPS_GGA_Data                             0x20000c74   Data          10  nmeaparse.o(.bss)
    GPS_GSA_Data                             0x20000c7e   Data          29  nmeaparse.o(.bss)
    GPS_GSV_Data                             0x20000c9c   Data          74  nmeaparse.o(.bss)
    Parser_CallBack                          0x20000ce8   Data          16  nmeaparse.o(.bss)
    .bss                                     0x20000cf8   Section       10  rtc.o(.bss)
    .bss                                     0x20000d04   Section     2628  os_core.o(.bss)
    .bss                                     0x20001748   Section       80  os_core.o(.bss)
    .bss                                     0x20001798   Section      120  os_core.o(.bss)
    .bss                                     0x20001810   Section       96  os_core.o(.bss)
    .bss                                     0x20001870   Section      640  os_core.o(.bss)
    .bss                                     0x20001af0   Section      256  os_core.o(.bss)
    .bss                                     0x20001bf0   Section       64  os_core.o(.bss)
    STACK                                    0x20001c30   Section     1024  startup_stm32f10x_md.o(STACK)

    Global Symbols

    Symbol Name                              Value     Ov Type        Size  Object(Section)

    BuildAttributes$$THM_ISAv4$P$D$K$B$S$PE$A:L22UL41UL21$X:L11$S22US41US21$IEEE1$IW$USESV6$~STKCKD$USESV7$~SHL$OTIME$ROPI$IEEEX$EBA8$MICROLIB$REQ8$PRES8$EABIv2 0x00000000   Number         0  anon$$obj.o ABSOLUTE
    __ARM_use_no_argv                        0x00000000   Number         0  main.o ABSOLUTE
    __use_no_errno                           0x00000000   Number         0  useno.o ABSOLUTE
    __use_no_exception_handling              0x00000000   Number         0  useno.o ABSOLUTE
    __use_no_fp                              0x00000000   Number         0  useno.o ABSOLUTE
    __use_no_heap                            0x00000000   Number         0  useno.o ABSOLUTE
    __use_no_heap_region                     0x00000000   Number         0  useno.o ABSOLUTE
    __use_no_semihosting                     0x00000000   Number         0  useno.o ABSOLUTE
    __use_no_semihosting_swi                 0x00000000   Number         0  useno.o ABSOLUTE
    __use_no_signal_handling                 0x00000000   Number         0  useno.o ABSOLUTE
    _printf_a                                0x00000000   Number         0  stubs.o ABSOLUTE
    _printf_c                                0x00000000   Number         0  stubs.o ABSOLUTE
    _printf_charcount                        0x00000000   Number         0  stubs.o ABSOLUTE
    _printf_d                                0x00000000   Number         0  stubs.o ABSOLUTE
    _printf_e                                0x00000000   Number         0  stubs.o ABSOLUTE
    _printf_f                                0x00000000   Number         0  stubs.o ABSOLUTE
    _printf_flags                            0x00000000   Number         0  stubs.o ABSOLUTE
    _printf_fp_dec                           0x00000000   Number         0  stubs.o ABSOLUTE
    _printf_fp_hex                           0x00000000   Number         0  stubs.o ABSOLUTE
    _printf_g                                0x00000000   Number         0  stubs.o ABSOLUTE
    _printf_i                                0x00000000   Number         0  stubs.o ABSOLUTE
    _printf_int_dec                          0x00000000   Number         0  stubs.o ABSOLUTE
    _printf_l                                0x00000000   Number         0  stubs.o ABSOLUTE
    _printf_lc                               0x00000000   Number         0  stubs.o ABSOLUTE
    _printf_ll                               0x00000000   Number         0  stubs.o ABSOLUTE
    _printf_lld                              0x00000000   Number         0  stubs.o ABSOLUTE
    _printf_lli                              0x00000000   Number         0  stubs.o ABSOLUTE
    _printf_llo                              0x00000000   Number         0  stubs.o ABSOLUTE
    _printf_llu                              0x00000000   Number         0  stubs.o ABSOLUTE
    _printf_llx                              0x00000000   Number         0  stubs.o ABSOLUTE
    _printf_longlong_dec                     0x00000000   Number         0  stubs.o ABSOLUTE
    _printf_longlong_hex                     0x00000000   Number         0  stubs.o ABSOLUTE
    _printf_longlong_oct                     0x00000000   Number         0  stubs.o ABSOLUTE
    _printf_ls                               0x00000000   Number         0  stubs.o ABSOLUTE
    _printf_mbtowc                           0x00000000   Number         0  stubs.o ABSOLUTE
    _printf_n                                0x00000000   Number         0  stubs.o ABSOLUTE
    _printf_o                                0x00000000   Number         0  stubs.o ABSOLUTE
    _printf_p                                0x00000000   Number         0  stubs.o ABSOLUTE
    _printf_percent                          0x00000000   Number         0  stubs.o ABSOLUTE
    _printf_pre_padding                      0x00000000   Number         0  stubs.o ABSOLUTE
    _printf_return_value                     0x00000000   Number         0  stubs.o ABSOLUTE
    _printf_s                                0x00000000   Number         0  stubs.o ABSOLUTE
    _printf_sizespec                         0x00000000   Number         0  stubs.o ABSOLUTE
    _printf_str                              0x00000000   Number         0  stubs.o ABSOLUTE
    _printf_truncate_signed                  0x00000000   Number         0  stubs.o ABSOLUTE
    _printf_truncate_unsigned                0x00000000   Number         0  stubs.o ABSOLUTE
    _printf_u                                0x00000000   Number         0  stubs.o ABSOLUTE
    _printf_wc                               0x00000000   Number         0  stubs.o ABSOLUTE
    _printf_wctomb                           0x00000000   Number         0  stubs.o ABSOLUTE
    _printf_widthprec                        0x00000000   Number         0  stubs.o ABSOLUTE
    _printf_x                                0x00000000   Number         0  stubs.o ABSOLUTE
    __cpp_initialize__aeabi_                  - Undefined Weak Reference
    __cxa_finalize                            - Undefined Weak Reference
    __decompress                              - Undefined Weak Reference
    _clock_init                               - Undefined Weak Reference
    _microlib_exit                            - Undefined Weak Reference
    __Vectors_Size                           0x000000ec   Number         0  startup_stm32f10x_md.o ABSOLUTE
    __Vectors                                0x08000000   Data           4  startup_stm32f10x_md.o(RESET)
    __Vectors_End                            0x080000ec   Data           0  startup_stm32f10x_md.o(RESET)
    __main                                   0x080000ed   Thumb Code     0  entry.o(.ARM.Collect$$$$00000000)
    _main_stk                                0x080000ed   Thumb Code     0  entry2.o(.ARM.Collect$$$$00000001)
    _main_scatterload                        0x080000f1   Thumb Code     0  entry5.o(.ARM.Collect$$$$00000004)
    __main_after_scatterload                 0x080000f5   Thumb Code     0  entry5.o(.ARM.Collect$$$$00000004)
    _main_clock                              0x080000f5   Thumb Code     0  entry7b.o(.ARM.Collect$$$$00000008)
    _main_cpp_init                           0x080000f5   Thumb Code     0  entry8b.o(.ARM.Collect$$$$0000000A)
    _main_init                               0x080000f5   Thumb Code     0  entry9a.o(.ARM.Collect$$$$0000000B)
    __rt_final_cpp                           0x080000fd   Thumb Code     0  entry10a.o(.ARM.Collect$$$$0000000D)
    __rt_final_exit                          0x080000fd   Thumb Code     0  entry11a.o(.ARM.Collect$$$$0000000F)
    Reset_Handler                            0x08000101   Thumb Code     8  startup_stm32f10x_md.o(.text)
    ADC1_2_IRQHandler                        0x0800011b   Thumb Code     0  startup_stm32f10x_md.o(.text)
    CAN1_RX1_IRQHandler                      0x0800011b   Thumb Code     0  startup_stm32f10x_md.o(.text)
    CAN1_SCE_IRQHandler                      0x0800011b   Thumb Code     0  startup_stm32f10x_md.o(.text)
    DMA1_Channel1_IRQHandler                 0x0800011b   Thumb Code     0  startup_stm32f10x_md.o(.text)
    DMA1_Channel2_IRQHandler                 0x0800011b   Thumb Code     0  startup_stm32f10x_md.o(.text)
    DMA1_Channel3_IRQHandler                 0x0800011b   Thumb Code     0  startup_stm32f10x_md.o(.text)
    DMA1_Channel4_IRQHandler                 0x0800011b   Thumb Code     0  startup_stm32f10x_md.o(.text)
    DMA1_Channel5_IRQHandler                 0x0800011b   Thumb Code     0  startup_stm32f10x_md.o(.text)
    DMA1_Channel6_IRQHandler                 0x0800011b   Thumb Code     0  startup_stm32f10x_md.o(.text)
    DMA1_Channel7_IRQHandler                 0x0800011b   Thumb Code     0  startup_stm32f10x_md.o(.text)
    EXTI0_IRQHandler                         0x0800011b   Thumb Code     0  startup_stm32f10x_md.o(.text)
    EXTI15_10_IRQHandler                     0x0800011b   Thumb Code     0  startup_stm32f10x_md.o(.text)
    EXTI1_IRQHandler                         0x0800011b   Thumb Code     0  startup_stm32f10x_md.o(.text)
    EXTI2_IRQHandler                         0x0800011b   Thumb Code     0  startup_stm32f10x_md.o(.text)
    EXTI3_IRQHandler                         0x0800011b   Thumb Code     0  startup_stm32f10x_md.o(.text)
    EXTI4_IRQHandler                         0x0800011b   Thumb Code     0  startup_stm32f10x_md.o(.text)
    EXTI9_5_IRQHandler                       0x0800011b   Thumb Code     0  startup_stm32f10x_md.o(.text)
    FLASH_IRQHandler                         0x0800011b   Thumb Code     0  startup_stm32f10x_md.o(.text)
    I2C1_ER_IRQHandler                       0x0800011b   Thumb Code     0  startup_stm32f10x_md.o(.text)
    I2C1_EV_IRQHandler                       0x0800011b   Thumb Code     0  startup_stm32f10x_md.o(.text)
    I2C2_ER_IRQHandler                       0x0800011b   Thumb Code     0  startup_stm32f10x_md.o(.text)
    I2C2_EV_IRQHandler                       0x0800011b   Thumb Code     0  startup_stm32f10x_md.o(.text)
    PVD_IRQHandler                           0x0800011b   Thumb Code     0  startup_stm32f10x_md.o(.text)
    RCC_IRQHandler                           0x0800011b   Thumb Code     0  startup_stm32f10x_md.o(.text)
    SPI1_IRQHandler                          0x0800011b   Thumb Code     0  startup_stm32f10x_md.o(.text)
    SPI2_IRQHandler                          0x0800011b   Thumb Code     0  startup_stm32f10x_md.o(.text)
    TAMPER_IRQHandler                        0x0800011b   Thumb Code     0  startup_stm32f10x_md.o(.text)
    TIM1_BRK_IRQHandler                      0x0800011b   Thumb Code     0  startup_stm32f10x_md.o(.text)
    TIM1_CC_IRQHandler                       0x0800011b   Thumb Code     0  startup_stm32f10x_md.o(.text)
    TIM1_TRG_COM_IRQHandler                  0x0800011b   Thumb Code     0  startup_stm32f10x_md.o(.text)
    TIM1_UP_IRQHandler                       0x0800011b   Thumb Code     0  startup_stm32f10x_md.o(.text)
    TIM2_IRQHandler                          0x0800011b   Thumb Code     0  startup_stm32f10x_md.o(.text)
    TIM3_IRQHandler                          0x0800011b   Thumb Code     0  startup_stm32f10x_md.o(.text)
    TIM4_IRQHandler                          0x0800011b   Thumb Code     0  startup_stm32f10x_md.o(.text)
    USART3_IRQHandler                        0x0800011b   Thumb Code     0  startup_stm32f10x_md.o(.text)
    USBWakeUp_IRQHandler                     0x0800011b   Thumb Code     0  startup_stm32f10x_md.o(.text)
    USB_HP_CAN1_TX_IRQHandler                0x0800011b   Thumb Code     0  startup_stm32f10x_md.o(.text)
    USB_LP_CAN1_RX0_IRQHandler               0x0800011b   Thumb Code     0  startup_stm32f10x_md.o(.text)
    WWDG_IRQHandler                          0x0800011b   Thumb Code     0  startup_stm32f10x_md.o(.text)
    OS_CPU_SR_Save                           0x08000125   Thumb Code     0  os_cpu_a.o(.text)
    OS_CPU_SR_Restore                        0x0800012d   Thumb Code     0  os_cpu_a.o(.text)
    OSStartHighRdy                           0x08000133   Thumb Code     0  os_cpu_a.o(.text)
    OSCtxSw                                  0x08000153   Thumb Code     0  os_cpu_a.o(.text)
    OSIntCtxSw                               0x0800015d   Thumb Code     0  os_cpu_a.o(.text)
    PendSV_Handler                           0x08000167   Thumb Code     0  os_cpu_a.o(.text)
    CPU_IntDis                               0x080001c9   Thumb Code     0  cpu_a.o(.text)
    CPU_IntEn                                0x080001cd   Thumb Code     0  cpu_a.o(.text)
    CPU_SR_Save                              0x080001d1   Thumb Code     0  cpu_a.o(.text)
    CPU_SR_Restore                           0x080001d9   Thumb Code     0  cpu_a.o(.text)
    CPU_CntLeadZeros                         0x080001df   Thumb Code     0  cpu_a.o(.text)
    CPU_RevBits                              0x080001e5   Thumb Code     0  cpu_a.o(.text)
    CPU_WaitForInt                           0x080001eb   Thumb Code     0  cpu_a.o(.text)
    CPU_WaitForExcept                        0x080001ef   Thumb Code     0  cpu_a.o(.text)
    __aeabi_memcpy                           0x080001f3   Thumb Code    36  memcpya.o(.text)
    __aeabi_memcpy4                          0x080001f3   Thumb Code     0  memcpya.o(.text)
    __aeabi_memcpy8                          0x080001f3   Thumb Code     0  memcpya.o(.text)
    __aeabi_dadd                             0x08000217   Thumb Code   322  dadd.o(.text)
    __aeabi_dsub                             0x08000359   Thumb Code     6  dadd.o(.text)
    __aeabi_drsub                            0x0800035f   Thumb Code     6  dadd.o(.text)
    __aeabi_dmul                             0x08000365   Thumb Code   228  dmul.o(.text)
    __aeabi_ddiv                             0x08000449   Thumb Code   222  ddiv.o(.text)
    __aeabi_cdrcmple                         0x08000529   Thumb Code    48  cdrcmple.o(.text)
    __aeabi_uidiv                            0x08000559   Thumb Code     0  uidiv.o(.text)
    __aeabi_uidivmod                         0x08000559   Thumb Code    44  uidiv.o(.text)
    __aeabi_uldivmod                         0x08000585   Thumb Code    98  uldiv.o(.text)
    __aeabi_llsl                             0x080005e7   Thumb Code    30  llshl.o(.text)
    _ll_shift_l                              0x080005e7   Thumb Code     0  llshl.o(.text)
    __aeabi_llsr                             0x08000605   Thumb Code    32  llushr.o(.text)
    _ll_ushift_r                             0x08000605   Thumb Code     0  llushr.o(.text)
    __aeabi_lasr                             0x08000625   Thumb Code    36  llsshr.o(.text)
    _ll_sshift_r                             0x08000625   Thumb Code     0  llsshr.o(.text)
    __I$use$fp                               0x08000649   Thumb Code     0  iusefp.o(.text)
    _double_round                            0x08000649   Thumb Code    30  depilogue.o(.text)
    _double_epilogue                         0x08000667   Thumb Code   156  depilogue.o(.text)
    __aeabi_d2ulz                            0x08000703   Thumb Code    48  dfixul.o(.text)
    __scatterload                            0x08000735   Thumb Code    28  init.o(.text)
    __scatterload_rt2                        0x08000735   Thumb Code     0  init.o(.text)
    App_GPS_TaskCreate                       0x08000759   Thumb Code    12  gpstask.o(i.App_GPS_TaskCreate)
    App_TCBInitHook                          0x0800076d   Thumb Code     2  os_apphooks.o(i.App_TCBInitHook)
    App_TaskCreateHook                       0x0800076f   Thumb Code     2  os_apphooks.o(i.App_TaskCreateHook)
    App_TaskIdleHook                         0x08000771   Thumb Code     2  os_apphooks.o(i.App_TaskIdleHook)
    App_TaskSwHook                           0x080007e9   Thumb Code     2  os_apphooks.o(i.App_TaskSwHook)
    App_TimeTickHook                         0x080007eb   Thumb Code     2  os_apphooks.o(i.App_TimeTickHook)
    BuildMQ                                  0x080007ed   Thumb Code    16  main.o(i.BuildMQ)
    BusFault_Handler                         0x08000805   Thumb Code     2  stm32f10x_it.o(i.BusFault_Handler)
    DebugMon_Handler                         0x08000807   Thumb Code     2  stm32f10x_it.o(i.DebugMon_Handler)
    EXTI_ClearITPendingBit                   0x08000809   Thumb Code     6  stm32f10x_exti.o(i.EXTI_ClearITPendingBit)
    GPGGA_CallBack                           0x08000815   Thumb Code     2  gpstask.o(i.GPGGA_CallBack)
    GPGSA_CallBack                           0x08000819   Thumb Code    10  gpstask.o(i.GPGSA_CallBack)
    GPGSV_CallBack                           0x08000829   Thumb Code    70  gpstask.o(i.GPGSV_CallBack)
    GPIO_Init                                0x08000879   Thumb Code   156  stm32f10x_gpio.o(i.GPIO_Init)
    GPIO_ResetBits                           0x08000915   Thumb Code     4  stm32f10x_gpio.o(i.GPIO_ResetBits)
    GPIO_SetBits                             0x08000919   Thumb Code     4  stm32f10x_gpio.o(i.GPIO_SetBits)
    GPRMC_CallBack                           0x0800091d   Thumb Code    10  gpstask.o(i.GPRMC_CallBack)
    GPS_Parser                               0x0800092d   Thumb Code   278  nmeaparse.o(i.GPS_Parser)
    HardFault_Handler                        0x08000af5   Thumb Code     8  stm32f10x_it.o(i.HardFault_Handler)
    Is_Leap_Year                             0x08000b11   Thumb Code    38  rtc.o(i.Is_Leap_Year)
    LedCtrl                                  0x08000b39   Thumb Code    24  gpstask.o(i.LedCtrl)
    MemManage_Handler                        0x08000b55   Thumb Code     2  stm32f10x_it.o(i.MemManage_Handler)
    NMI_Handler                              0x08000b57   Thumb Code     2  stm32f10x_it.o(i.NMI_Handler)
    NVIC_Configuration                       0x08000b59   Thumb Code    66  main.o(i.NVIC_Configuration)
    NVIC_Init                                0x08000b9d   Thumb Code    94  misc.o(i.NVIC_Init)
    NVIC_PriorityGroupConfig                 0x08000c01   Thumb Code    10  misc.o(i.NVIC_PriorityGroupConfig)
    NVIC_SetVectorTable                      0x08000c15   Thumb Code    12  misc.o(i.NVIC_SetVectorTable)
    OSDebugInit                              0x08000c29   Thumb Code     2  os_dbg.o(i.OSDebugInit)
    OSEventNameSet                           0x08000c2d   Thumb Code    70  os_core.o(i.OSEventNameSet)
    OSInit                                   0x08000c79   Thumb Code   122  os_core.o(i.OSInit)
    OSInitHookBegin                          0x08000d01   Thumb Code     8  os_cpu_c.o(i.OSInitHookBegin)
    OSInitHookEnd                            0x08000d0d   Thumb Code     2  os_cpu_c.o(i.OSInitHookEnd)
    OSIntExit                                0x08000d11   Thumb Code    82  os_core.o(i.OSIntExit)
    OSQCreate                                0x08000d6d   Thumb Code   114  os_q.o(i.OSQCreate)
    OSQPend                                  0x08000df1   Thumb Code   214  os_q.o(i.OSQPend)
    OSQPost                                  0x08000ed5   Thumb Code   112  os_q.o(i.OSQPost)
    OSSchedLock                              0x08000f45   Thumb Code    38  os_core.o(i.OSSchedLock)
    OSSchedUnlock                            0x08000f71   Thumb Code    54  os_core.o(i.OSSchedUnlock)
    OSSemCreate                              0x08000fad   Thumb Code    58  os_sem.o(i.OSSemCreate)
    OSSemPend                                0x08000ff5   Thumb Code   182  os_sem.o(i.OSSemPend)
    OSSemPost                                0x080010b9   Thumb Code    88  os_sem.o(i.OSSemPost)
    OSStart                                  0x08001111   Thumb Code    38  os_core.o(i.OSStart)
    OSTCBInitHook                            0x08001141   Thumb Code     4  os_cpu_c.o(i.OSTCBInitHook)
    OSTaskCreate                             0x08001145   Thumb Code   132  os_task.o(i.OSTaskCreate)
    OSTaskCreateExt                          0x080011d5   Thumb Code   152  os_task.o(i.OSTaskCreateExt)
    OSTaskCreateHook                         0x08001279   Thumb Code     4  os_cpu_c.o(i.OSTaskCreateHook)
    OSTaskIdleHook                           0x0800127d   Thumb Code     4  os_cpu_c.o(i.OSTaskIdleHook)
    OSTaskStkInit                            0x08001281   Thumb Code   114  os_cpu_c.o(i.OSTaskStkInit)
    OSTaskSwHook                             0x080012f3   Thumb Code     4  os_cpu_c.o(i.OSTaskSwHook)
    OSTimeDly                                0x080012f9   Thumb Code    82  os_time.o(i.OSTimeDly)
    OSTimeDlyHMSM                            0x08001361   Thumb Code   108  os_time.o(i.OSTimeDlyHMSM)
    OSTimeTick                               0x080013d5   Thumb Code   154  os_core.o(i.OSTimeTick)
    OSTimeTickHook                           0x08001475   Thumb Code    34  os_cpu_c.o(i.OSTimeTickHook)
    OSTmrCreate                              0x0800149d   Thumb Code   148  os_tmr.o(i.OSTmrCreate)
    OSTmrSignal                              0x08001541   Thumb Code     8  os_tmr.o(i.OSTmrSignal)
    OSTmrStart                               0x0800154d   Thumb Code   102  os_tmr.o(i.OSTmrStart)
    OSTmr_Init                               0x080015b9   Thumb Code   184  os_tmr.o(i.OSTmr_Init)
    OS_CPU_SysTickInit                       0x080017c9   Thumb Code    48  os_cpu_c.o(i.OS_CPU_SysTickInit)
    OS_EventTaskRdy                          0x08001801   Thumb Code   102  os_core.o(i.OS_EventTaskRdy)
    OS_EventTaskRemove                       0x08001875   Thumb Code    32  os_core.o(i.OS_EventTaskRemove)
    OS_EventTaskRemoveMulti                  0x08001895   Thumb Code    40  os_core.o(i.OS_EventTaskRemoveMulti)
    OS_EventTaskWait                         0x080018bd   Thumb Code    68  os_core.o(i.OS_EventTaskWait)
    OS_EventWaitListInit                     0x08001905   Thumb Code    20  os_core.o(i.OS_EventWaitListInit)
    OS_FlagInit                              0x08001919   Thumb Code    60  os_flag.o(i.OS_FlagInit)
    OS_MemClr                                0x08001a1d   Thumb Code    18  os_core.o(i.OS_MemClr)
    OS_MemInit                               0x08001a31   Thumb Code    62  os_mem.o(i.OS_MemInit)
    OS_QInit                                 0x08001a7d   Thumb Code    58  os_q.o(i.OS_QInit)
    OS_Sched                                 0x08001ac1   Thumb Code    64  os_core.o(i.OS_Sched)
    OS_TCBInit                               0x08001b29   Thumb Code   220  os_core.o(i.OS_TCBInit)
    OS_TaskIdle                              0x08001c0d   Thumb Code    22  os_core.o(i.OS_TaskIdle)
    OS_TaskStkClr                            0x08001c29   Thumb Code    22  os_task.o(i.OS_TaskStkClr)
    RCC_APB1PeriphClockCmd                   0x08002151   Thumb Code    18  stm32f10x_rcc.o(i.RCC_APB1PeriphClockCmd)
    RCC_APB2PeriphClockCmd                   0x08002169   Thumb Code    18  stm32f10x_rcc.o(i.RCC_APB2PeriphClockCmd)
    RCC_Configuration                        0x08002181   Thumb Code    84  main.o(i.RCC_Configuration)
    RCC_DeInit                               0x080021d5   Thumb Code    50  stm32f10x_rcc.o(i.RCC_DeInit)
    RCC_GetClocksFreq                        0x08002215   Thumb Code   132  stm32f10x_rcc.o(i.RCC_GetClocksFreq)
    RCC_GetFlagStatus                        0x080022a9   Thumb Code    42  stm32f10x_rcc.o(i.RCC_GetFlagStatus)
    RCC_GetSYSCLKSource                      0x080022d9   Thumb Code    10  stm32f10x_rcc.o(i.RCC_GetSYSCLKSource)
    RCC_HCLKConfig                           0x080022e9   Thumb Code    14  stm32f10x_rcc.o(i.RCC_HCLKConfig)
    RCC_HSEConfig                            0x080022fd   Thumb Code    48  stm32f10x_rcc.o(i.RCC_HSEConfig)
    RCC_PCLK1Config                          0x08002331   Thumb Code    14  stm32f10x_rcc.o(i.RCC_PCLK1Config)
    RCC_PCLK2Config                          0x08002345   Thumb Code    16  stm32f10x_rcc.o(i.RCC_PCLK2Config)
    RCC_PLLCmd                               0x08002359   Thumb Code     6  stm32f10x_rcc.o(i.RCC_PLLCmd)
    RCC_PLLConfig                            0x08002365   Thumb Code    16  stm32f10x_rcc.o(i.RCC_PLLConfig)
    RCC_SYSCLKConfig                         0x08002379   Thumb Code    14  stm32f10x_rcc.o(i.RCC_SYSCLKConfig)
    RCC_WaitForHSEStartUp                    0x0800238d   Thumb Code    44  stm32f10x_rcc.o(i.RCC_WaitForHSEStartUp)
    RTCAlarm_IRQHandler                      0x080023b9   Thumb Code     8  rtc.o(i.RTCAlarm_IRQHandler)
    RTC_ClearITPendingBit                    0x080023c1   Thumb Code    10  stm32f10x_rtc.o(i.RTC_ClearITPendingBit)
    RTC_Get                                  0x080023d1   Thumb Code   198  rtc.o(i.RTC_Get)
    RTC_GetITStatus                          0x080024ad   Thumb Code    28  stm32f10x_rtc.o(i.RTC_GetITStatus)
    RTC_IRQHandler                           0x080024cd   Thumb Code    82  rtc.o(i.RTC_IRQHandler)
    RTC_WaitForLastTask                      0x08002549   Thumb Code    10  stm32f10x_rtc.o(i.RTC_WaitForLastTask)
    SVC_Handler                              0x08002559   Thumb Code     2  stm32f10x_it.o(i.SVC_Handler)
    SysTick_Handler                          0x08002605   Thumb Code    30  stm32f10x_it.o(i.SysTick_Handler)
    SystemInit                               0x08002629   Thumb Code    64  system_stm32f10x.o(i.SystemInit)
    Timer1S_CallBack                         0x08002679   Thumb Code   144  gpstask.o(i.Timer1S_CallBack)
    Timer1S_Init                             0x08002731   Thumb Code    78  gpstask.o(i.Timer1S_Init)
    USART1_Configuration                     0x080027c9   Thumb Code   150  uart1pcport.o(i.USART1_Configuration)
    USART1_IRQHandler                        0x08002869   Thumb Code    36  uart1pcport.o(i.USART1_IRQHandler)
    USART2_Configuration                     0x08002891   Thumb Code   146  uart2gpsport.o(i.USART2_Configuration)
    USART2_IRQHandler                        0x0800292d   Thumb Code    58  uart2gpsport.o(i.USART2_IRQHandler)
    USART_ClearFlag                          0x0800296d   Thumb Code     6  stm32f10x_usart.o(i.USART_ClearFlag)
    USART_Cmd                                0x08002973   Thumb Code    20  stm32f10x_usart.o(i.USART_Cmd)
    USART_GetFlagStatus                      0x08002987   Thumb Code    14  stm32f10x_usart.o(i.USART_GetFlagStatus)
    USART_GetITStatus                        0x08002995   Thumb Code    62  stm32f10x_usart.o(i.USART_GetITStatus)
    USART_ITConfig                           0x080029d3   Thumb Code    48  stm32f10x_usart.o(i.USART_ITConfig)
    USART_Init                               0x08002a05   Thumb Code   166  stm32f10x_usart.o(i.USART_Init)
    USART_ReceiveData                        0x08002ab1   Thumb Code     8  stm32f10x_usart.o(i.USART_ReceiveData)
    USART_SendData                           0x08002ab9   Thumb Code     8  stm32f10x_usart.o(i.USART_SendData)
    Uart1_PutChar                            0x08002ac1   Thumb Code    26  uart1pcport.o(i.Uart1_PutChar)
    Uart2_PutChar                            0x08002ae1   Thumb Code    26  uart2gpsport.o(i.Uart2_PutChar)
    UsageFault_Handler                       0x08002b01   Thumb Code     2  stm32f10x_it.o(i.UsageFault_Handler)
    __0printf                                0x08002b05   Thumb Code    22  printfa.o(i.__0printf)
    __1printf                                0x08002b05   Thumb Code     0  printfa.o(i.__0printf)
    __2printf                                0x08002b05   Thumb Code     0  printfa.o(i.__0printf)
    __c89printf                              0x08002b05   Thumb Code     0  printfa.o(i.__0printf)
    printf                                   0x08002b05   Thumb Code     0  printfa.o(i.__0printf)
    __scatterload_copy                       0x08002b25   Thumb Code    14  handlers.o(i.__scatterload_copy)
    __scatterload_null                       0x08002b33   Thumb Code     2  handlers.o(i.__scatterload_null)
    __scatterload_zeroinit                   0x08002b35   Thumb Code    14  handlers.o(i.__scatterload_zeroinit)
    fputc                                    0x080033d7   Thumb Code    16  uart1pcport.o(i.fputc)
    initNmeaParserCallBack                   0x080033e9   Thumb Code    12  gpstask.o(i.initNmeaParserCallBack)
    initParserCallBack                       0x08003405   Thumb Code    10  nmeaparse.o(i.initParserCallBack)
    isExist                                  0x08003415   Thumb Code    36  gpstask.o(i.isExist)
    main                                     0x08003441   Thumb Code    56  main.o(i.main)
    parseGpsData                             0x08003481   Thumb Code    24  gpstask.o(i.parseGpsData)
    receivOneFrameData                       0x08003499   Thumb Code    82  uart2gpsport.o(i.receivOneFrameData)
    mon_table                                0x080034f8   Data          12  rtc.o(.constdata)
    OSUnMapTbl                               0x08003504   Data         256  os_core.o(.constdata)
    Region$$Table$$Base                      0x08003674   Number         0  anon$$obj.o(Region$$Table)
    Region$$Table$$Limit                     0x08003694   Number         0  anon$$obj.o(Region$$Table)
    g_MesgQ                                  0x20000000   Data           4  main.o(.data)
    valid_sta_count                          0x20000004   Data           1  gpstask.o(.data)
    g_Mode                                   0x20000005   Data           1  gpstask.o(.data)
    GpsReportRate                            0x20000006   Data           1  gpstask.o(.data)
    GSAMode                                  0x20000008   Data           2  gpstask.o(.data)
    pTimer1S                                 0x2000000c   Data           4  gpstask.o(.data)
    __stdout                                 0x2000005c   Data           4  uart1pcport.o(.data)
    SystemCoreClock                          0x2000007c   Data           4  system_stm32f10x.o(.data)
    AHBPrescTable                            0x20000080   Data          16  system_stm32f10x.o(.data)
    OSIntNesting                             0x20000094   Data           1  os_core.o(.data)
    OSLockNesting                            0x20000095   Data           1  os_core.o(.data)
    OSPrioCur                                0x20000096   Data           1  os_core.o(.data)
    OSPrioHighRdy                            0x20000097   Data           1  os_core.o(.data)
    OSRdyGrp                                 0x20000098   Data           1  os_core.o(.data)
    OSRunning                                0x20000099   Data           1  os_core.o(.data)
    OSTaskCtr                                0x2000009a   Data           1  os_core.o(.data)
    OSTickStepState                          0x2000009b   Data           1  os_core.o(.data)
    OSCtxSwCtr                               0x2000009c   Data           4  os_core.o(.data)
    OSEventFreeList                          0x200000a0   Data           4  os_core.o(.data)
    OSIdleCtr                                0x200000a4   Data           4  os_core.o(.data)
    OSTCBCur                                 0x200000a8   Data           4  os_core.o(.data)
    OSTCBFreeList                            0x200000ac   Data           4  os_core.o(.data)
    OSTCBHighRdy                             0x200000b0   Data           4  os_core.o(.data)
    OSTCBList                                0x200000b4   Data           4  os_core.o(.data)
    OSTime                                   0x200000b8   Data           4  os_core.o(.data)
    OSRdyTbl                                 0x200000bc   Data           8  os_core.o(.data)
    OSFlagFreeList                           0x200000c4   Data           4  os_core.o(.data)
    OSMemFreeList                            0x200000c8   Data           4  os_core.o(.data)
    OSQFreeList                              0x200000cc   Data           4  os_core.o(.data)
    OSTmrFree                                0x200000d0   Data           2  os_core.o(.data)
    OSTmrUsed                                0x200000d2   Data           2  os_core.o(.data)
    OSTmrTime                                0x200000d4   Data           4  os_core.o(.data)
    OSTmrSem                                 0x200000d8   Data           4  os_core.o(.data)
    OSTmrSemSignal                           0x200000dc   Data           4  os_core.o(.data)
    OSTmrFreeList                            0x200000e0   Data           4  os_core.o(.data)
    g_mesgqtbl                               0x200001e4   Data          80  main.o(.bss)
    ValidSatInfo                             0x20000a38   Data          18  gpstask.o(.bss)
    gpsDataMQ                                0x20000a4a   Data         515  gpstask.o(.bss)
    timer                                    0x20000cf8   Data          10  rtc.o(.bss)
    OSEventTbl                               0x20000d04   Data         480  os_core.o(.bss)
    OSTaskIdleStk                            0x20000ee4   Data         128  os_core.o(.bss)
    OSTCBPrioTbl                             0x20000f64   Data         256  os_core.o(.bss)
    OSTCBTbl                                 0x20001064   Data        1764  os_core.o(.bss)
    OSFlagTbl                                0x20001748   Data          80  os_core.o(.bss)
    OSMemTbl                                 0x20001798   Data         120  os_core.o(.bss)
    OSQTbl                                   0x20001810   Data          96  os_core.o(.bss)
    OSTmrTbl                                 0x20001870   Data         640  os_core.o(.bss)
    OSTmrTaskStk                             0x20001af0   Data         256  os_core.o(.bss)
    OSTmrWheelTbl                            0x20001bf0   Data          64  os_core.o(.bss)
    __initial_sp                             0x20002030   Data           0  startup_stm32f10x_md.o(STACK)



==============================================================================

Memory Map of the image

  Image Entry point : 0x080000ed

  Load Region LR_IROM1 (Base: 0x08000000, Size: 0x00003778, Max: 0x00010000, ABSOLUTE)

    Execution Region ER_IROM1 (Base: 0x08000000, Size: 0x00003694, Max: 0x00010000, ABSOLUTE)

    Base Addr    Size         Type   Attr      Idx    E Section Name        Object

    0x08000000   0x000000ec   Data   RO         3136    RESET               startup_stm32f10x_md.o
    0x080000ec   0x00000000   Code   RO         4291  * .ARM.Collect$$$$00000000  mc_w.l(entry.o)
    0x080000ec   0x00000004   Code   RO         4646    .ARM.Collect$$$$00000001  mc_w.l(entry2.o)
    0x080000f0   0x00000004   Code   RO         4649    .ARM.Collect$$$$00000004  mc_w.l(entry5.o)
    0x080000f4   0x00000000   Code   RO         4651    .ARM.Collect$$$$00000008  mc_w.l(entry7b.o)
    0x080000f4   0x00000000   Code   RO         4653    .ARM.Collect$$$$0000000A  mc_w.l(entry8b.o)
    0x080000f4   0x00000008   Code   RO         4654    .ARM.Collect$$$$0000000B  mc_w.l(entry9a.o)
    0x080000fc   0x00000000   Code   RO         4656    .ARM.Collect$$$$0000000D  mc_w.l(entry10a.o)
    0x080000fc   0x00000000   Code   RO         4658    .ARM.Collect$$$$0000000F  mc_w.l(entry11a.o)
    0x080000fc   0x00000004   Code   RO         4647    .ARM.Collect$$$$00002712  mc_w.l(entry2.o)
    0x08000100   0x00000024   Code   RO         3137    .text               startup_stm32f10x_md.o
    0x08000124   0x000000a4   Code   RO         3254    .text               os_cpu_a.o
    0x080001c8   0x0000002a   Code   RO         4108    .text               cpu_a.o
    0x080001f2   0x00000024   Code   RO         4322    .text               mc_w.l(memcpya.o)
    0x08000216   0x0000014e   Code   RO         4597    .text               mf_w.l(dadd.o)
    0x08000364   0x000000e4   Code   RO         4599    .text               mf_w.l(dmul.o)
    0x08000448   0x000000de   Code   RO         4601    .text               mf_w.l(ddiv.o)
    0x08000526   0x00000002   PAD
    0x08000528   0x00000030   Code   RO         4611    .text               mf_w.l(cdrcmple.o)
    0x08000558   0x0000002c   Code   RO         4660    .text               mc_w.l(uidiv.o)
    0x08000584   0x00000062   Code   RO         4662    .text               mc_w.l(uldiv.o)
    0x080005e6   0x0000001e   Code   RO         4664    .text               mc_w.l(llshl.o)
    0x08000604   0x00000020   Code   RO         4666    .text               mc_w.l(llushr.o)
    0x08000624   0x00000024   Code   RO         4668    .text               mc_w.l(llsshr.o)
    0x08000648   0x00000000   Code   RO         4681    .text               mc_w.l(iusefp.o)
    0x08000648   0x000000ba   Code   RO         4682    .text               mf_w.l(depilogue.o)
    0x08000702   0x00000030   Code   RO         4686    .text               mf_w.l(dfixul.o)
    0x08000732   0x00000002   PAD
    0x08000734   0x00000024   Code   RO         4688    .text               mc_w.l(init.o)
    0x08000758   0x00000014   Code   RO          198    i.App_GPS_TaskCreate  gpstask.o
    0x0800076c   0x00000002   Code   RO         4006    i.App_TCBInitHook   os_apphooks.o
    0x0800076e   0x00000002   Code   RO         4007    i.App_TaskCreateHook  os_apphooks.o
    0x08000770   0x00000002   Code   RO         4009    i.App_TaskIdleHook  os_apphooks.o
    0x08000772   0x00000002   PAD
    0x08000774   0x00000074   Code   RO            1    i.App_TaskStart     main.o
    0x080007e8   0x00000002   Code   RO         4012    i.App_TaskSwHook    os_apphooks.o
    0x080007ea   0x00000002   Code   RO         4013    i.App_TimeTickHook  os_apphooks.o
    0x080007ec   0x00000018   Code   RO            2    i.BuildMQ           main.o
    0x08000804   0x00000002   Code   RO          144    i.BusFault_Handler  stm32f10x_it.o
    0x08000806   0x00000002   Code   RO          145    i.DebugMon_Handler  stm32f10x_it.o
    0x08000808   0x0000000c   Code   RO         1954    i.EXTI_ClearITPendingBit  stm32f10x_exti.o
    0x08000814   0x00000002   Code   RO          199    i.GPGGA_CallBack    gpstask.o
    0x08000816   0x00000002   PAD
    0x08000818   0x00000010   Code   RO          200    i.GPGSA_CallBack    gpstask.o
    0x08000828   0x00000050   Code   RO          201    i.GPGSV_CallBack    gpstask.o
    0x08000878   0x0000009c   Code   RO         1021    i.GPIO_Init         stm32f10x_gpio.o
    0x08000914   0x00000004   Code   RO         1028    i.GPIO_ResetBits    stm32f10x_gpio.o
    0x08000918   0x00000004   Code   RO         1029    i.GPIO_SetBits      stm32f10x_gpio.o
    0x0800091c   0x00000010   Code   RO          202    i.GPRMC_CallBack    gpstask.o
    0x0800092c   0x00000120   Code   RO          291    i.GPS_Parser        nmeaparse.o
    0x08000a4c   0x000000a8   Code   RO          203    i.GpsTask           gpstask.o
    0x08000af4   0x0000001c   Code   RO          146    i.HardFault_Handler  stm32f10x_it.o
    0x08000b10   0x00000026   Code   RO          602    i.Is_Leap_Year      rtc.o
    0x08000b36   0x00000002   PAD
    0x08000b38   0x0000001c   Code   RO          204    i.LedCtrl           gpstask.o
    0x08000b54   0x00000002   Code   RO          147    i.MemManage_Handler  stm32f10x_it.o
    0x08000b56   0x00000002   Code   RO          148    i.NMI_Handler       stm32f10x_it.o
    0x08000b58   0x00000042   Code   RO            3    i.NVIC_Configuration  main.o
    0x08000b9a   0x00000002   PAD
    0x08000b9c   0x00000064   Code   RO          804    i.NVIC_Init         misc.o
    0x08000c00   0x00000014   Code   RO          805    i.NVIC_PriorityGroupConfig  misc.o
    0x08000c14   0x00000014   Code   RO          806    i.NVIC_SetVectorTable  misc.o
    0x08000c28   0x00000002   Code   RO         3141    i.OSDebugInit       os_dbg.o
    0x08000c2a   0x00000002   PAD
    0x08000c2c   0x0000004c   Code   RO         3258    i.OSEventNameSet    os_core.o
    0x08000c78   0x00000088   Code   RO         3260    i.OSInit            os_core.o
    0x08000d00   0x0000000c   Code   RO         3157    i.OSInitHookBegin   os_cpu_c.o
    0x08000d0c   0x00000002   Code   RO         3158    i.OSInitHookEnd     os_cpu_c.o
    0x08000d0e   0x00000002   PAD
    0x08000d10   0x0000005c   Code   RO         3262    i.OSIntExit         os_core.o
    0x08000d6c   0x00000084   Code   RO         3681    i.OSQCreate         os_q.o
    0x08000df0   0x000000e4   Code   RO         3684    i.OSQPend           os_q.o
    0x08000ed4   0x00000070   Code   RO         3686    i.OSQPost           os_q.o
    0x08000f44   0x0000002c   Code   RO         3263    i.OSSchedLock       os_core.o
    0x08000f70   0x0000003c   Code   RO         3264    i.OSSchedUnlock     os_core.o
    0x08000fac   0x00000048   Code   RO         3753    i.OSSemCreate       os_sem.o
    0x08000ff4   0x000000c4   Code   RO         3755    i.OSSemPend         os_sem.o
    0x080010b8   0x00000058   Code   RO         3757    i.OSSemPost         os_sem.o
    0x08001110   0x00000030   Code   RO         3265    i.OSStart           os_core.o
    0x08001140   0x00000004   Code   RO         3159    i.OSTCBInitHook     os_cpu_c.o
    0x08001144   0x00000090   Code   RO         3807    i.OSTaskCreate      os_task.o
    0x080011d4   0x000000a4   Code   RO         3808    i.OSTaskCreateExt   os_task.o
    0x08001278   0x00000004   Code   RO         3160    i.OSTaskCreateHook  os_cpu_c.o
    0x0800127c   0x00000004   Code   RO         3162    i.OSTaskIdleHook    os_cpu_c.o
    0x08001280   0x00000072   Code   RO         3164    i.OSTaskStkInit     os_cpu_c.o
    0x080012f2   0x00000004   Code   RO         3165    i.OSTaskSwHook      os_cpu_c.o
    0x080012f6   0x00000002   PAD
    0x080012f8   0x00000068   Code   RO         3890    i.OSTimeDly         os_time.o
    0x08001360   0x00000074   Code   RO         3891    i.OSTimeDlyHMSM     os_time.o
    0x080013d4   0x000000a0   Code   RO         3266    i.OSTimeTick        os_core.o
    0x08001474   0x00000028   Code   RO         3166    i.OSTimeTickHook    os_cpu_c.o
    0x0800149c   0x000000a4   Code   RO         3926    i.OSTmrCreate       os_tmr.o
    0x08001540   0x0000000c   Code   RO         3930    i.OSTmrSignal       os_tmr.o
    0x0800154c   0x0000006c   Code   RO         3931    i.OSTmrStart        os_tmr.o
    0x080015b8   0x0000010c   Code   RO         3935    i.OSTmr_Init        os_tmr.o
    0x080016c4   0x0000004c   Code   RO         3936    i.OSTmr_Link        os_tmr.o
    0x08001710   0x00000078   Code   RO         3937    i.OSTmr_Task        os_tmr.o
    0x08001788   0x00000040   Code   RO         3938    i.OSTmr_Unlink      os_tmr.o
    0x080017c8   0x00000038   Code   RO         3169    i.OS_CPU_SysTickInit  os_cpu_c.o
    0x08001800   0x00000074   Code   RO         3269    i.OS_EventTaskRdy   os_core.o
    0x08001874   0x00000020   Code   RO         3270    i.OS_EventTaskRemove  os_core.o
    0x08001894   0x00000028   Code   RO         3271    i.OS_EventTaskRemoveMulti  os_core.o
    0x080018bc   0x00000048   Code   RO         3272    i.OS_EventTaskWait  os_core.o
    0x08001904   0x00000014   Code   RO         3274    i.OS_EventWaitListInit  os_core.o
    0x08001918   0x00000048   Code   RO         3459    i.OS_FlagInit       os_flag.o
    0x08001960   0x00000058   Code   RO         3275    i.OS_InitEventList  os_core.o
    0x080019b8   0x00000064   Code   RO         3276    i.OS_InitTCBList    os_core.o
    0x08001a1c   0x00000012   Code   RO         3277    i.OS_MemClr         os_core.o
    0x08001a2e   0x00000002   PAD
    0x08001a30   0x0000004c   Code   RO         3591    i.OS_MemInit        os_mem.o
    0x08001a7c   0x00000044   Code   RO         3690    i.OS_QInit          os_q.o
    0x08001ac0   0x00000048   Code   RO         3279    i.OS_Sched          os_core.o
    0x08001b08   0x00000020   Code   RO         3280    i.OS_SchedNew       os_core.o
    0x08001b28   0x000000e4   Code   RO         3282    i.OS_TCBInit        os_core.o
    0x08001c0c   0x0000001c   Code   RO         3283    i.OS_TaskIdle       os_core.o
    0x08001c28   0x00000016   Code   RO         3818    i.OS_TaskStkClr     os_task.o
    0x08001c3e   0x00000002   PAD
    0x08001c40   0x0000006c   Code   RO          292    i.ParserGPGGA       nmeaparse.o
    0x08001cac   0x000000b0   Code   RO          293    i.ParserGPGSA       nmeaparse.o
    0x08001d5c   0x00000184   Code   RO          294    i.ParserGPGSV       nmeaparse.o
    0x08001ee0   0x00000270   Code   RO          295    i.ParserGPRMC       nmeaparse.o
    0x08002150   0x00000018   Code   RO         1131    i.RCC_APB1PeriphClockCmd  stm32f10x_rcc.o
    0x08002168   0x00000018   Code   RO         1133    i.RCC_APB2PeriphClockCmd  stm32f10x_rcc.o
    0x08002180   0x00000054   Code   RO            4    i.RCC_Configuration  main.o
    0x080021d4   0x00000040   Code   RO         1140    i.RCC_DeInit        stm32f10x_rcc.o
    0x08002214   0x00000094   Code   RO         1141    i.RCC_GetClocksFreq  stm32f10x_rcc.o
    0x080022a8   0x00000030   Code   RO         1142    i.RCC_GetFlagStatus  stm32f10x_rcc.o
    0x080022d8   0x00000010   Code   RO         1144    i.RCC_GetSYSCLKSource  stm32f10x_rcc.o
    0x080022e8   0x00000014   Code   RO         1145    i.RCC_HCLKConfig    stm32f10x_rcc.o
    0x080022fc   0x00000034   Code   RO         1146    i.RCC_HSEConfig     stm32f10x_rcc.o
    0x08002330   0x00000014   Code   RO         1152    i.RCC_PCLK1Config   stm32f10x_rcc.o
    0x08002344   0x00000014   Code   RO         1153    i.RCC_PCLK2Config   stm32f10x_rcc.o
    0x08002358   0x0000000c   Code   RO         1154    i.RCC_PLLCmd        stm32f10x_rcc.o
    0x08002364   0x00000014   Code   RO         1155    i.RCC_PLLConfig     stm32f10x_rcc.o
    0x08002378   0x00000014   Code   RO         1158    i.RCC_SYSCLKConfig  stm32f10x_rcc.o
    0x0800238c   0x0000002c   Code   RO         1160    i.RCC_WaitForHSEStartUp  stm32f10x_rcc.o
    0x080023b8   0x00000008   Code   RO          604    i.RTCAlarm_IRQHandler  rtc.o
    0x080023c0   0x00000010   Code   RO         2236    i.RTC_ClearITPendingBit  stm32f10x_rtc.o
    0x080023d0   0x000000dc   Code   RO          608    i.RTC_Get           rtc.o
    0x080024ac   0x00000020   Code   RO         2242    i.RTC_GetITStatus   stm32f10x_rtc.o
    0x080024cc   0x0000007c   Code   RO          610    i.RTC_IRQHandler    rtc.o
    0x08002548   0x00000010   Code   RO         2247    i.RTC_WaitForLastTask  stm32f10x_rtc.o
    0x08002558   0x00000002   Code   RO          149    i.SVC_Handler       stm32f10x_it.o
    0x0800255a   0x00000002   PAD
    0x0800255c   0x000000a8   Code   RO         3105    i.SetSysClockTo72   system_stm32f10x.o
    0x08002604   0x00000024   Code   RO          150    i.SysTick_Handler   stm32f10x_it.o
    0x08002628   0x00000050   Code   RO         3107    i.SystemInit        system_stm32f10x.o
    0x08002678   0x000000b8   Code   RO          205    i.Timer1S_CallBack  gpstask.o
    0x08002730   0x00000098   Code   RO          206    i.Timer1S_Init      gpstask.o
    0x080027c8   0x000000a0   Code   RO          707    i.USART1_Configuration  uart1pcport.o
    0x08002868   0x00000028   Code   RO          708    i.USART1_IRQHandler  uart1pcport.o
    0x08002890   0x0000009c   Code   RO          766    i.USART2_Configuration  uart2gpsport.o
    0x0800292c   0x00000040   Code   RO          767    i.USART2_IRQHandler  uart2gpsport.o
    0x0800296c   0x00000006   Code   RO         2857    i.USART_ClearFlag   stm32f10x_usart.o
    0x08002972   0x00000014   Code   RO         2861    i.USART_Cmd         stm32f10x_usart.o
    0x08002986   0x0000000e   Code   RO         2864    i.USART_GetFlagStatus  stm32f10x_usart.o
    0x08002994   0x0000003e   Code   RO         2865    i.USART_GetITStatus  stm32f10x_usart.o
    0x080029d2   0x00000030   Code   RO         2867    i.USART_ITConfig    stm32f10x_usart.o
    0x08002a02   0x00000002   PAD
    0x08002a04   0x000000ac   Code   RO         2868    i.USART_Init        stm32f10x_usart.o
    0x08002ab0   0x00000008   Code   RO         2875    i.USART_ReceiveData  stm32f10x_usart.o
    0x08002ab8   0x00000008   Code   RO         2878    i.USART_SendData    stm32f10x_usart.o
    0x08002ac0   0x00000020   Code   RO          709    i.Uart1_PutChar     uart1pcport.o
    0x08002ae0   0x00000020   Code   RO          768    i.Uart2_PutChar     uart2gpsport.o
    0x08002b00   0x00000002   Code   RO          151    i.UsageFault_Handler  stm32f10x_it.o
    0x08002b02   0x00000002   PAD
    0x08002b04   0x00000020   Code   RO         4567    i.__0printf         mc_w.l(printfa.o)
    0x08002b24   0x0000000e   Code   RO         4713    i.__scatterload_copy  mc_w.l(handlers.o)
    0x08002b32   0x00000002   Code   RO         4714    i.__scatterload_null  mc_w.l(handlers.o)
    0x08002b34   0x0000000e   Code   RO         4715    i.__scatterload_zeroinit  mc_w.l(handlers.o)
    0x08002b42   0x00000002   PAD
    0x08002b44   0x00000164   Code   RO         4574    i._fp_digits        mc_w.l(printfa.o)
    0x08002ca8   0x000006dc   Code   RO         4575    i._printf_core      mc_w.l(printfa.o)
    0x08003384   0x00000024   Code   RO         4576    i._printf_post_padding  mc_w.l(printfa.o)
    0x080033a8   0x0000002e   Code   RO         4577    i._printf_pre_padding  mc_w.l(printfa.o)
    0x080033d6   0x00000010   Code   RO          712    i.fputc             uart1pcport.o
    0x080033e6   0x00000002   PAD
    0x080033e8   0x0000001c   Code   RO          208    i.initNmeaParserCallBack  gpstask.o
    0x08003404   0x00000010   Code   RO          297    i.initParserCallBack  nmeaparse.o
    0x08003414   0x0000002c   Code   RO          209    i.isExist           gpstask.o
    0x08003440   0x00000040   Code   RO            5    i.main              main.o
    0x08003480   0x00000018   Code   RO          210    i.parseGpsData      gpstask.o
    0x08003498   0x00000060   Code   RO          770    i.receivOneFrameData  uart2gpsport.o
    0x080034f8   0x0000000c   Data   RO          615    .constdata          rtc.o
    0x08003504   0x00000100   Data   RO         3292    .constdata          os_core.o
    0x08003604   0x0000006e   Data   RO          306    .conststring        nmeaparse.o
    0x08003672   0x00000002   PAD
    0x08003674   0x00000020   Data   RO         4711    Region$$Table       anon$$obj.o


    Execution Region RW_IRAM1 (Base: 0x20000000, Size: 0x00002030, Max: 0x00005000, ABSOLUTE)

    Base Addr    Size         Type   Attr      Idx    E Section Name        Object

    0x20000000   0x00000004   Data   RW            7    .data               main.o
    0x20000004   0x0000000c   Data   RW          217    .data               gpstask.o
    0x20000010   0x00000048   Data   RW          307    .data               nmeaparse.o
    0x20000058   0x00000002   Data   RW          616    .data               rtc.o
    0x2000005a   0x00000002   PAD
    0x2000005c   0x00000004   Data   RW          714    .data               uart1pcport.o
    0x20000060   0x00000008   Data   RW          771    .data               uart2gpsport.o
    0x20000068   0x00000014   Data   RW         1161    .data               stm32f10x_rcc.o
    0x2000007c   0x00000014   Data   RW         3108    .data               system_stm32f10x.o
    0x20000090   0x00000002   Data   RW         3170    .data               os_cpu_c.o
    0x20000092   0x00000002   PAD
    0x20000094   0x00000030   Data   RW         3293    .data               os_core.o
    0x200000c4   0x00000004   Data   RW         3294    .data               os_core.o
    0x200000c8   0x00000004   Data   RW         3295    .data               os_core.o
    0x200000cc   0x00000004   Data   RW         3296    .data               os_core.o
    0x200000d0   0x00000002   Data   RW         3297    .data               os_core.o
    0x200000d2   0x00000002   Data   RW         3298    .data               os_core.o
    0x200000d4   0x00000004   Data   RW         3299    .data               os_core.o
    0x200000d8   0x00000004   Data   RW         3300    .data               os_core.o
    0x200000dc   0x00000004   Data   RW         3301    .data               os_core.o
    0x200000e0   0x00000004   Data   RW         3302    .data               os_core.o
    0x200000e4   0x00000150   Zero   RW            6    .bss                main.o
    0x20000234   0x00000004   PAD
    0x20000238   0x00000812   Zero   RW          211    .bss                gpstask.o
    0x20000a4a   0x00000203   Zero   RW          214    .bss                gpstask.o
    0x20000c4d   0x00000003   PAD
    0x20000c50   0x000000a8   Zero   RW          305    .bss                nmeaparse.o
    0x20000cf8   0x0000000a   Zero   RW          614    .bss                rtc.o
    0x20000d02   0x00000002   PAD
    0x20000d04   0x00000a44   Zero   RW         3285    .bss                os_core.o
    0x20001748   0x00000050   Zero   RW         3286    .bss                os_core.o
    0x20001798   0x00000078   Zero   RW         3287    .bss                os_core.o
    0x20001810   0x00000060   Zero   RW         3288    .bss                os_core.o
    0x20001870   0x00000280   Zero   RW         3289    .bss                os_core.o
    0x20001af0   0x00000100   Zero   RW         3290    .bss                os_core.o
    0x20001bf0   0x00000040   Zero   RW         3291    .bss                os_core.o
    0x20001c30   0x00000400   Zero   RW         3134    STACK               startup_stm32f10x_md.o


==============================================================================

Image component sizes


      Code (inc. data)   RO Data    RW Data    ZI Data      Debug   Object Name

         0          0          0          0          0         32   core_cm3.o
        42          0          0          0          0        312   cpu_a.o
       762        248          0         12       2581       7431   gpstask.o
       354         54          0          4        336     254833   main.o
       140         24          0          0          0       2021   misc.o
      1600        164        110         72        168       5971   nmeaparse.o
        10          0          0          0          0       2130   os_apphooks.o
      1462        130        256         80       3884      19906   os_core.o
       164         32          0          0          0        368   os_cpu_a.o
       240         18          0          2          0      29996   os_cpu_c.o
         2          0          0          0          0        482   os_dbg.o
        72         12          0          0          0        558   os_flag.o
        76         14          0          0          0        505   os_mem.o
       540         42          0          0          0       2947   os_q.o
       356         28          0          0          0       2206   os_sem.o
       330         24          0          0          0       2489   os_task.o
       220         30          0          0          0       1324   os_time.o
       812        140          0          0          0       4694   os_tmr.o
       390         64         12          2         10     206826   rtc.o
        36          8        236          0       1024        880   startup_stm32f10x_md.o
        12          6          0          0          0        517   stm32f10x_exti.o
       164          0          0          0          0       2844   stm32f10x_gpio.o
        76         26          0          0          0       3301   stm32f10x_it.o
       532         90          0         20          0      10366   stm32f10x_rcc.o
        64         16          0          0          0       1600   stm32f10x_rtc.o
       338          6          0          0          0       6347   stm32f10x_usart.o
       248         24          0         20          0       1769   system_stm32f10x.o
       248         20          0          4          0       7202   uart1pcport.o
       348         36          0          8          0       2726   uart2gpsport.o

    ----------------------------------------------------------------------
      9664       1256        648        228       8012     582583   Object Totals
         0          0         32          0          0          0   (incl. Generated)
        26          0          2          4          9          0   (incl. Padding)

    ----------------------------------------------------------------------

      Code (inc. data)   RO Data    RW Data    ZI Data      Debug   Library Member Name

         0          0          0          0          0          0   entry.o
         0          0          0          0          0          0   entry10a.o
         0          0          0          0          0          0   entry11a.o
         8          4          0          0          0          0   entry2.o
         4          0          0          0          0          0   entry5.o
         0          0          0          0          0          0   entry7b.o
         0          0          0          0          0          0   entry8b.o
         8          4          0          0          0          0   entry9a.o
        30          0          0          0          0          0   handlers.o
        36          8          0          0          0         68   init.o
         0          0          0          0          0          0   iusefp.o
        30          0          0          0          0         68   llshl.o
        36          0          0          0          0         68   llsshr.o
        32          0          0          0          0         68   llushr.o
        36          0          0          0          0         68   memcpya.o
      2226         90          0          0          0        444   printfa.o
        44          0          0          0          0         80   uidiv.o
        98          0          0          0          0         92   uldiv.o
        48          0          0          0          0         68   cdrcmple.o
       334          0          0          0          0        148   dadd.o
       222          0          0          0          0        100   ddiv.o
       186          0          0          0          0        176   depilogue.o
        48          0          0          0          0         68   dfixul.o
       228          0          0          0          0         96   dmul.o

    ----------------------------------------------------------------------
      3660        106          0          0          0       1612   Library Totals
         6          0          0          0          0          0   (incl. Padding)

    ----------------------------------------------------------------------

      Code (inc. data)   RO Data    RW Data    ZI Data      Debug   Library Name

      2588        106          0          0          0        956   mc_w.l
      1066          0          0          0          0        656   mf_w.l

    ----------------------------------------------------------------------
      3660        106          0          0          0       1612   Library Totals

    ----------------------------------------------------------------------

==============================================================================


      Code (inc. data)   RO Data    RW Data    ZI Data      Debug   

     13324       1362        648        228       8012     576859   Grand Totals
     13324       1362        648        228       8012     576859   ELF Image Totals
     13324       1362        648        228          0          0   ROM Totals

==============================================================================

    Total RO  Size (Code + RO Data)                13972 (  13.64kB)
    Total RW  Size (RW Data + ZI Data)              8240 (   8.05kB)
    Total ROM Size (Code + RO Data + RW Data)      14200 (  13.87kB)

==============================================================================

